{
  "stage": "Stage154_ACTIVE_SHORTLIST_RULE_ROUTER",
  "generated_utc": "2026-07-06T18:42:17Z",
  "status": "STAGE154_COMPLETE_ACTIVE_SHORTLIST_RULE_ROUTER_READY",
  "decision": "STAGE154_ACTIVE_ROUTER_RULE_READY_POINT_STAGE134_TO_STAGE154_FILE",
  "root": "/Users/vahid/Desktop/xauusd-trader",
  "bars_path": "/Users/vahid/Downloads/xauusd_fundamental_event_inbox/amarkets_xauusd_5m.csv",
  "score_csv": "/Users/vahid/Desktop/xauusd-trader/reports/stage150_mtf_separated_validation_discovery/m5/stage150_candidate_scores.csv",
  "tf": "m5",
  "timeframe_minutes": 5,
  "raw_row_count": 318473,
  "bar_count": 318473,
  "raw_feature_date": "2026-07-06T21:20:00Z",
  "timestamp_shift_hours": -3.0,
  "feature_date": "2026-07-06T18:20:00Z",
  "feature_age_sec": 1362,
  "max_feature_age_sec": 7200,
  "feature_fresh": true,
  "score_rows": 552,
  "eligible_shortlist_count": 202,
  "active_shortlist_count": 158,
  "selected_rule_id": "D150C_M5_ret_3h_bps_GEQ65__ret_24h_bps_GEQ35",
  "selected_label": "m5: ret_3h_bps >= q65 AND ret_24h_bps >= q35",
  "selected_condition_snapshot": "[{\"current\": 43.70774937672239, \"feature\": \"ret_3h_bps\", \"op\": \">=\", \"threshold\": 8.312210918892895}, {\"current\": -19.019203879629963, \"feature\": \"ret_24h_bps\", \"op\": \">=\", \"threshold\": -23.26867354462942}]",
  "repo_kv": "/Users/vahid/Desktop/xauusd-trader/data/demo_execution/xauusd_stage154_m5_active_router_rule_state_kv.csv",
  "repo_latest": "/Users/vahid/Desktop/xauusd-trader/data/demo_execution/xauusd_stage154_m5_active_router_rule_state_latest.csv",
  "mt5_kv_written": true,
  "mt5_kv": "/Users/vahid/Library/Application Support/net.metaquotes.wine.metatrader5/drive_c/Program Files/MetaTrader 5/MQL5/Files/xauusd_stage154_m5_active_router_rule_state_kv.csv",
  "mt5_latest": "/Users/vahid/Library/Application Support/net.metaquotes.wine.metatrader5/drive_c/Program Files/MetaTrader 5/MQL5/Files/xauusd_stage154_m5_active_router_rule_state_latest.csv",
  "stage134_instruction": {
    "InpRuleStateKvFile": "xauusd_stage154_m5_active_router_rule_state_kv.csv",
    "InpAllowedRules": "all",
    "keep_InpEnableDemoOrders": "true only on demo account"
  },
  "summary_json": "/Users/vahid/Desktop/xauusd-trader/reports/stage154_active_shortlist_rule_router/m5/stage154_active_shortlist_rule_router_summary.json",
  "next": [
    "Use Stage154 when a single locked Stage151 rule is inactive for too long.",
    "Keep Stage150B as offline replacement discovery; Stage154 only routes cached PASS candidates."
  ]
}
{
  "stage": "Stage154_ACTIVE_SHORTLIST_RULE_ROUTER",
  "generated_utc": "2026-07-06T18:47:44Z",
  "status": "STAGE154_COMPLETE_ACTIVE_SHORTLIST_RULE_ROUTER_READY",
  "decision": "STAGE154_ACTIVE_ROUTER_RULE_READY_POINT_STAGE134_TO_STAGE154_FILE",
  "root": "/Users/vahid/Desktop/xauusd-trader",
  "bars_path": "/Users/vahid/Downloads/xauusd_fundamental_event_inbox/amarkets_xauusd_5m.csv",
  "score_csv": "/Users/vahid/Desktop/xauusd-trader/reports/stage150_mtf_separated_validation_discovery/m5/stage150_candidate_scores.csv",
  "tf": "m5",
  "timeframe_minutes": 5,
  "raw_row_count": 318473,
  "bar_count": 318473,
  "raw_feature_date": "2026-07-06T21:20:00Z",
  "timestamp_shift_hours": -3.0,
  "feature_date": "2026-07-06T18:20:00Z",
  "feature_age_sec": 1704,
  "max_feature_age_sec": 7200,
  "feature_fresh": true,
  "score_rows": 552,
  "eligible_shortlist_count": 202,
  "active_shortlist_count": 158,
  "selected_rule_id": "D150C_M5_ret_3h_bps_GEQ65__ret_24h_bps_GEQ35",
  "selected_label": "m5: ret_3h_bps >= q65 AND ret_24h_bps >= q35",
  "selected_condition_snapshot": "[{\"current\": 43.70774937672239, \"feature\": \"ret_3h_bps\", \"op\": \">=\", \"threshold\": 8.312210918892895}, {\"current\": -19.019203879629963, \"feature\": \"ret_24h_bps\", \"op\": \">=\", \"threshold\": -23.26867354462942}]",
  "repo_kv": "/Users/vahid/Desktop/xauusd-trader/data/demo_execution/xauusd_stage154_m5_active_router_rule_state_kv.csv",
  "repo_latest": "/Users/vahid/Desktop/xauusd-trader/data/demo_execution/xauusd_stage154_m5_active_router_rule_state_latest.csv",
  "mt5_kv_written": true,
  "mt5_kv": "/Users/vahid/Library/Application Support/net.metaquotes.wine.metatrader5/drive_c/Program Files/MetaTrader 5/MQL5/Files/xauusd_stage154_m5_active_router_rule_state_kv.csv",
  "mt5_latest": "/Users/vahid/Library/Application Support/net.metaquotes.wine.metatrader5/drive_c/Program Files/MetaTrader 5/MQL5/Files/xauusd_stage154_m5_active_router_rule_state_latest.csv",
  "stage134_instruction": {
    "InpRuleStateKvFile": "xauusd_stage154_m5_active_router_rule_state_kv.csv",
    "InpAllowedRules": "all",
    "keep_InpEnableDemoOrders": "true only on demo account"
  },
  "summary_json": "/Users/vahid/Desktop/xauusd-trader/reports/stage154_active_shortlist_rule_router/m5/stage154_active_shortlist_rule_router_summary.json",
  "next": [
    "Use Stage154 when a single locked Stage151 rule is inactive for too long.",
    "Keep Stage150B as offline replacement discovery; Stage154 only routes cached PASS candidates."
  ]
}
{
  "stage": "Stage154_ACTIVE_SHORTLIST_RULE_ROUTER",
  "generated_utc": "2026-07-06T18:53:26Z",
  "status": "STAGE154_COMPLETE_ACTIVE_SHORTLIST_RULE_ROUTER_READY",
  "decision": "STAGE154_ACTIVE_ROUTER_RULE_READY_POINT_STAGE134_TO_STAGE154_FILE",
  "root": "/Users/vahid/Desktop/xauusd-trader",
  "bars_path": "/Users/vahid/Downloads/xauusd_fundamental_event_inbox/amarkets_xauusd_5m.csv",
  "score_csv": "/Users/vahid/Desktop/xauusd-trader/reports/stage150_mtf_separated_validation_discovery/m5/stage150_candidate_scores.csv",
  "tf": "m5",
  "timeframe_minutes": 5,
  "raw_row_count": 318473,
  "bar_count": 318473,
  "raw_feature_date": "2026-07-06T21:20:00Z",
  "timestamp_shift_hours": -3.0,
  "feature_date": "2026-07-06T18:20:00Z",
  "feature_age_sec": 2036,
  "max_feature_age_sec": 7200,
  "feature_fresh": true,
  "score_rows": 552,
  "eligible_shortlist_count": 202,
  "active_shortlist_count": 158,
  "selected_rule_id": "D150C_M5_ret_3h_bps_GEQ65__ret_24h_bps_GEQ35",
  "selected_label": "m5: ret_3h_bps >= q65 AND ret_24h_bps >= q35",
  "selected_condition_snapshot": "[{\"current\": 43.70774937672239, \"feature\": \"ret_3h_bps\", \"op\": \">=\", \"threshold\": 8.312210918892895}, {\"current\": -19.019203879629963, \"feature\": \"ret_24h_bps\", \"op\": \">=\", \"threshold\": -23.26867354462942}]",
  "repo_kv": "/Users/vahid/Desktop/xauusd-trader/data/demo_execution/xauusd_stage154_m5_active_router_rule_state_kv.csv",
  "repo_latest": "/Users/vahid/Desktop/xauusd-trader/data/demo_execution/xauusd_stage154_m5_active_router_rule_state_latest.csv",
  "mt5_kv_written": true,
  "mt5_kv": "/Users/vahid/Library/Application Support/net.metaquotes.wine.metatrader5/drive_c/Program Files/MetaTrader 5/MQL5/Files/xauusd_stage154_m5_active_router_rule_state_kv.csv",
  "mt5_latest": "/Users/vahid/Library/Application Support/net.metaquotes.wine.metatrader5/drive_c/Program Files/MetaTrader 5/MQL5/Files/xauusd_stage154_m5_active_router_rule_state_latest.csv",
  "stage134_instruction": {
    "InpRuleStateKvFile": "xauusd_stage154_m5_active_router_rule_state_kv.csv",
    "InpAllowedRules": "all",
    "keep_InpEnableDemoOrders": "true only on demo account"
  },
  "summary_json": "/Users/vahid/Desktop/xauusd-trader/reports/stage154_active_shortlist_rule_router/m5/stage154_active_shortlist_rule_router_summary.json",
  "next": [
    "Use Stage154 when a single locked Stage151 rule is inactive for too long.",
    "Keep Stage150B as offline replacement discovery; Stage154 only routes cached PASS candidates."
  ]
}
{
  "stage": "Stage154_ACTIVE_SHORTLIST_RULE_ROUTER",
  "generated_utc": "2026-07-06T18:58:57Z",
  "status": "STAGE154_COMPLETE_ACTIVE_SHORTLIST_RULE_ROUTER_READY",
  "decision": "STAGE154_ACTIVE_ROUTER_RULE_READY_POINT_STAGE134_TO_STAGE154_FILE",
  "root": "/Users/vahid/Desktop/xauusd-trader",
  "bars_path": "/Users/vahid/Downloads/xauusd_fundamental_event_inbox/amarkets_xauusd_5m.csv",
  "score_csv": "/Users/vahid/Desktop/xauusd-trader/reports/stage150_mtf_separated_validation_discovery/m5/stage150_candidate_scores.csv",
  "tf": "m5",
  "timeframe_minutes": 5,
  "raw_row_count": 318473,
  "bar_count": 318473,
  "raw_feature_date": "2026-07-06T21:20:00Z",
  "timestamp_shift_hours": -3.0,
  "feature_date": "2026-07-06T18:20:00Z",
  "feature_age_sec": 2357,
  "max_feature_age_sec": 7200,
  "feature_fresh": true,
  "score_rows": 552,
  "eligible_shortlist_count": 202,
  "active_shortlist_count": 158,
  "selected_rule_id": "D150C_M5_ret_3h_bps_GEQ65__ret_24h_bps_GEQ35",
  "selected_label": "m5: ret_3h_bps >= q65 AND ret_24h_bps >= q35",
  "selected_condition_snapshot": "[{\"current\": 43.70774937672239, \"feature\": \"ret_3h_bps\", \"op\": \">=\", \"threshold\": 8.312210918892895}, {\"current\": -19.019203879629963, \"feature\": \"ret_24h_bps\", \"op\": \">=\", \"threshold\": -23.26867354462942}]",
  "repo_kv": "/Users/vahid/Desktop/xauusd-trader/data/demo_execution/xauusd_stage154_m5_active_router_rule_state_kv.csv",
  "repo_latest": "/Users/vahid/Desktop/xauusd-trader/data/demo_execution/xauusd_stage154_m5_active_router_rule_state_latest.csv",
  "mt5_kv_written": true,
  "mt5_kv": "/Users/vahid/Library/Application Support/net.metaquotes.wine.metatrader5/drive_c/Program Files/MetaTrader 5/MQL5/Files/xauusd_stage154_m5_active_router_rule_state_kv.csv",
  "mt5_latest": "/Users/vahid/Library/Application Support/net.metaquotes.wine.metatrader5/drive_c/Program Files/MetaTrader 5/MQL5/Files/xauusd_stage154_m5_active_router_rule_state_latest.csv",
  "stage134_instruction": {
    "InpRuleStateKvFile": "xauusd_stage154_m5_active_router_rule_state_kv.csv",
    "InpAllowedRules": "all",
    "keep_InpEnableDemoOrders": "true only on demo account"
  },
  "summary_json": "/Users/vahid/Desktop/xauusd-trader/reports/stage154_active_shortlist_rule_router/m5/stage154_active_shortlist_rule_router_summary.json",
  "next": [
    "Use Stage154 when a single locked Stage151 rule is inactive for too long.",
    "Keep Stage150B as offline replacement discovery; Stage154 only routes cached PASS candidates."
  ]
}
{
  "stage": "Stage154_ACTIVE_SHORTLIST_RULE_ROUTER",
  "generated_utc": "2026-07-06T19:04:18Z",
  "status": "STAGE154_COMPLETE_ACTIVE_SHORTLIST_RULE_ROUTER_READY",
  "decision": "STAGE154_ACTIVE_ROUTER_RULE_READY_POINT_STAGE134_TO_STAGE154_FILE",
  "root": "/Users/vahid/Desktop/xauusd-trader",
  "bars_path": "/Users/vahid/Downloads/xauusd_fundamental_event_inbox/amarkets_xauusd_5m.csv",
  "score_csv": "/Users/vahid/Desktop/xauusd-trader/reports/stage150_mtf_separated_validation_discovery/m5/stage150_candidate_scores.csv",
  "tf": "m5",
  "timeframe_minutes": 5,
  "raw_row_count": 318473,
  "bar_count": 318473,
  "raw_feature_date": "2026-07-06T21:20:00Z",
  "timestamp_shift_hours": -3.0,
  "feature_date": "2026-07-06T18:20:00Z",
  "feature_age_sec": 2673,
  "max_feature_age_sec": 7200,
  "feature_fresh": true,
  "score_rows": 552,
  "eligible_shortlist_count": 202,
  "active_shortlist_count": 158,
  "selected_rule_id": "D150C_M5_ret_3h_bps_GEQ65__ret_24h_bps_GEQ35",
  "selected_label": "m5: ret_3h_bps >= q65 AND ret_24h_bps >= q35",
  "selected_condition_snapshot": "[{\"current\": 43.70774937672239, \"feature\": \"ret_3h_bps\", \"op\": \">=\", \"threshold\": 8.312210918892895}, {\"current\": -19.019203879629963, \"feature\": \"ret_24h_bps\", \"op\": \">=\", \"threshold\": -23.26867354462942}]",
  "repo_kv": "/Users/vahid/Desktop/xauusd-trader/data/demo_execution/xauusd_stage154_m5_active_router_rule_state_kv.csv",
  "repo_latest": "/Users/vahid/Desktop/xauusd-trader/data/demo_execution/xauusd_stage154_m5_active_router_rule_state_latest.csv",
  "mt5_kv_written": true,
  "mt5_kv": "/Users/vahid/Library/Application Support/net.metaquotes.wine.metatrader5/drive_c/Program Files/MetaTrader 5/MQL5/Files/xauusd_stage154_m5_active_router_rule_state_kv.csv",
  "mt5_latest": "/Users/vahid/Library/Application Support/net.metaquotes.wine.metatrader5/drive_c/Program Files/MetaTrader 5/MQL5/Files/xauusd_stage154_m5_active_router_rule_state_latest.csv",
  "stage134_instruction": {
    "InpRuleStateKvFile": "xauusd_stage154_m5_active_router_rule_state_kv.csv",
    "InpAllowedRules": "all",
    "keep_InpEnableDemoOrders": "true only on demo account"
  },
  "summary_json": "/Users/vahid/Desktop/xauusd-trader/reports/stage154_active_shortlist_rule_router/m5/stage154_active_shortlist_rule_router_summary.json",
  "next": [
    "Use Stage154 when a single locked Stage151 rule is inactive for too long.",
    "Keep Stage150B as offline replacement discovery; Stage154 only routes cached PASS candidates."
  ]
}
{
  "stage": "Stage154_ACTIVE_SHORTLIST_RULE_ROUTER",
  "generated_utc": "2026-07-06T19:09:35Z",
  "status": "STAGE154_COMPLETE_ACTIVE_SHORTLIST_RULE_ROUTER_READY",
  "decision": "STAGE154_ACTIVE_ROUTER_RULE_READY_POINT_STAGE134_TO_STAGE154_FILE",
  "root": "/Users/vahid/Desktop/xauusd-trader",
  "bars_path": "/Users/vahid/Downloads/xauusd_fundamental_event_inbox/amarkets_xauusd_5m.csv",
  "score_csv": "/Users/vahid/Desktop/xauusd-trader/reports/stage150_mtf_separated_validation_discovery/m5/stage150_candidate_scores.csv",
  "tf": "m5",
  "timeframe_minutes": 5,
  "raw_row_count": 318473,
  "bar_count": 318473,
  "raw_feature_date": "2026-07-06T21:20:00Z",
  "timestamp_shift_hours": -3.0,
  "feature_date": "2026-07-06T18:20:00Z",
  "feature_age_sec": 2994,
  "max_feature_age_sec": 7200,
  "feature_fresh": true,
  "score_rows": 552,
  "eligible_shortlist_count": 202,
  "active_shortlist_count": 158,
  "selected_rule_id": "D150C_M5_ret_3h_bps_GEQ65__ret_24h_bps_GEQ35",
  "selected_label": "m5: ret_3h_bps >= q65 AND ret_24h_bps >= q35",
  "selected_condition_snapshot": "[{\"current\": 43.70774937672239, \"feature\": \"ret_3h_bps\", \"op\": \">=\", \"threshold\": 8.312210918892895}, {\"current\": -19.019203879629963, \"feature\": \"ret_24h_bps\", \"op\": \">=\", \"threshold\": -23.26867354462942}]",
  "repo_kv": "/Users/vahid/Desktop/xauusd-trader/data/demo_execution/xauusd_stage154_m5_active_router_rule_state_kv.csv",
  "repo_latest": "/Users/vahid/Desktop/xauusd-trader/data/demo_execution/xauusd_stage154_m5_active_router_rule_state_latest.csv",
  "mt5_kv_written": true,
  "mt5_kv": "/Users/vahid/Library/Application Support/net.metaquotes.wine.metatrader5/drive_c/Program Files/MetaTrader 5/MQL5/Files/xauusd_stage154_m5_active_router_rule_state_kv.csv",
  "mt5_latest": "/Users/vahid/Library/Application Support/net.metaquotes.wine.metatrader5/drive_c/Program Files/MetaTrader 5/MQL5/Files/xauusd_stage154_m5_active_router_rule_state_latest.csv",
  "stage134_instruction": {
    "InpRuleStateKvFile": "xauusd_stage154_m5_active_router_rule_state_kv.csv",
    "InpAllowedRules": "all",
    "keep_InpEnableDemoOrders": "true only on demo account"
  },
  "summary_json": "/Users/vahid/Desktop/xauusd-trader/reports/stage154_active_shortlist_rule_router/m5/stage154_active_shortlist_rule_router_summary.json",
  "next": [
    "Use Stage154 when a single locked Stage151 rule is inactive for too long.",
    "Keep Stage150B as offline replacement discovery; Stage154 only routes cached PASS candidates."
  ]
}
{
  "stage": "Stage154_ACTIVE_SHORTLIST_RULE_ROUTER",
  "generated_utc": "2026-07-06T19:14:56Z",
  "status": "STAGE154_COMPLETE_ACTIVE_SHORTLIST_RULE_ROUTER_READY",
  "decision": "STAGE154_ACTIVE_ROUTER_RULE_READY_POINT_STAGE134_TO_STAGE154_FILE",
  "root": "/Users/vahid/Desktop/xauusd-trader",
  "bars_path": "/Users/vahid/Downloads/xauusd_fundamental_event_inbox/amarkets_xauusd_5m.csv",
  "score_csv": "/Users/vahid/Desktop/xauusd-trader/reports/stage150_mtf_separated_validation_discovery/m5/stage150_candidate_scores.csv",
  "tf": "m5",
  "timeframe_minutes": 5,
  "raw_row_count": 318473,
  "bar_count": 318473,
  "raw_feature_date": "2026-07-06T21:20:00Z",
  "timestamp_shift_hours": -3.0,
  "feature_date": "2026-07-06T18:20:00Z",
  "feature_age_sec": 3323,
  "max_feature_age_sec": 7200,
  "feature_fresh": true,
  "score_rows": 552,
  "eligible_shortlist_count": 202,
  "active_shortlist_count": 158,
  "selected_rule_id": "D150C_M5_ret_3h_bps_GEQ65__ret_24h_bps_GEQ35",
  "selected_label": "m5: ret_3h_bps >= q65 AND ret_24h_bps >= q35",
  "selected_condition_snapshot": "[{\"current\": 43.70774937672239, \"feature\": \"ret_3h_bps\", \"op\": \">=\", \"threshold\": 8.312210918892895}, {\"current\": -19.019203879629963, \"feature\": \"ret_24h_bps\", \"op\": \">=\", \"threshold\": -23.26867354462942}]",
  "repo_kv": "/Users/vahid/Desktop/xauusd-trader/data/demo_execution/xauusd_stage154_m5_active_router_rule_state_kv.csv",
  "repo_latest": "/Users/vahid/Desktop/xauusd-trader/data/demo_execution/xauusd_stage154_m5_active_router_rule_state_latest.csv",
  "mt5_kv_written": true,
  "mt5_kv": "/Users/vahid/Library/Application Support/net.metaquotes.wine.metatrader5/drive_c/Program Files/MetaTrader 5/MQL5/Files/xauusd_stage154_m5_active_router_rule_state_kv.csv",
  "mt5_latest": "/Users/vahid/Library/Application Support/net.metaquotes.wine.metatrader5/drive_c/Program Files/MetaTrader 5/MQL5/Files/xauusd_stage154_m5_active_router_rule_state_latest.csv",
  "stage134_instruction": {
    "InpRuleStateKvFile": "xauusd_stage154_m5_active_router_rule_state_kv.csv",
    "InpAllowedRules": "all",
    "keep_InpEnableDemoOrders": "true only on demo account"
  },
  "summary_json": "/Users/vahid/Desktop/xauusd-trader/reports/stage154_active_shortlist_rule_router/m5/stage154_active_shortlist_rule_router_summary.json",
  "next": [
    "Use Stage154 when a single locked Stage151 rule is inactive for too long.",
    "Keep Stage150B as offline replacement discovery; Stage154 only routes cached PASS candidates."
  ]
}
{
  "stage": "Stage154_ACTIVE_SHORTLIST_RULE_ROUTER",
  "generated_utc": "2026-07-06T19:48:38Z",
  "status": "STAGE154_COMPLETE_ACTIVE_SHORTLIST_RULE_ROUTER_READY",
  "decision": "STAGE154_ACTIVE_ROUTER_RULE_READY_POINT_STAGE134_TO_STAGE154_FILE",
  "root": "/Users/vahid/Desktop/xauusd-trader",
  "bars_path": "/Users/vahid/Downloads/xauusd_fundamental_event_inbox/amarkets_xauusd_5m.csv",
  "score_csv": "/Users/vahid/Desktop/xauusd-trader/reports/stage150_mtf_separated_validation_discovery/m5/stage150_candidate_scores.csv",
  "tf": "m5",
  "timeframe_minutes": 5,
  "raw_row_count": 318473,
  "bar_count": 318473,
  "raw_feature_date": "2026-07-06T21:20:00Z",
  "timestamp_shift_hours": -3.0,
  "feature_date": "2026-07-06T18:20:00Z",
  "feature_age_sec": 5338,
  "max_feature_age_sec": 7200,
  "feature_fresh": true,
  "score_rows": 552,
  "eligible_shortlist_count": 202,
  "active_shortlist_count": 158,
  "selected_rule_id": "D150C_M5_ret_3h_bps_GEQ65__ret_24h_bps_GEQ35",
  "selected_label": "m5: ret_3h_bps >= q65 AND ret_24h_bps >= q35",
  "selected_condition_snapshot": "[{\"current\": 43.70774937672239, \"feature\": \"ret_3h_bps\", \"op\": \">=\", \"threshold\": 8.312210918892895}, {\"current\": -19.019203879629963, \"feature\": \"ret_24h_bps\", \"op\": \">=\", \"threshold\": -23.26867354462942}]",
  "repo_kv": "/Users/vahid/Desktop/xauusd-trader/data/demo_execution/xauusd_stage154_m5_active_router_rule_state_kv.csv",
  "repo_latest": "/Users/vahid/Desktop/xauusd-trader/data/demo_execution/xauusd_stage154_m5_active_router_rule_state_latest.csv",
  "mt5_kv_written": true,
  "mt5_kv": "/Users/vahid/Library/Application Support/net.metaquotes.wine.metatrader5/drive_c/Program Files/MetaTrader 5/MQL5/Files/xauusd_stage154_m5_active_router_rule_state_kv.csv",
  "mt5_latest": "/Users/vahid/Library/Application Support/net.metaquotes.wine.metatrader5/drive_c/Program Files/MetaTrader 5/MQL5/Files/xauusd_stage154_m5_active_router_rule_state_latest.csv",
  "stage134_instruction": {
    "InpRuleStateKvFile": "xauusd_stage154_m5_active_router_rule_state_kv.csv",
    "InpAllowedRules": "all",
    "keep_InpEnableDemoOrders": "true only on demo account"
  },
  "summary_json": "/Users/vahid/Desktop/xauusd-trader/reports/stage154_active_shortlist_rule_router/m5/stage154_active_shortlist_rule_router_summary.json",
  "next": [
    "Use Stage154 when a single locked Stage151 rule is inactive for too long.",
    "Keep Stage150B as offline replacement discovery; Stage154 only routes cached PASS candidates."
  ]
}
{
  "stage": "Stage154_ACTIVE_SHORTLIST_RULE_ROUTER",
  "generated_utc": "2026-07-06T19:54:00Z",
  "status": "STAGE154_COMPLETE_ACTIVE_SHORTLIST_RULE_ROUTER_READY",
  "decision": "STAGE154_ACTIVE_ROUTER_RULE_READY_POINT_STAGE134_TO_STAGE154_FILE",
  "root": "/Users/vahid/Desktop/xauusd-trader",
  "bars_path": "/Users/vahid/Downloads/xauusd_fundamental_event_inbox/amarkets_xauusd_5m.csv",
  "score_csv": "/Users/vahid/Desktop/xauusd-trader/reports/stage150_mtf_separated_validation_discovery/m5/stage150_candidate_scores.csv",
  "tf": "m5",
  "timeframe_minutes": 5,
  "raw_row_count": 318473,
  "bar_count": 318473,
  "raw_feature_date": "2026-07-06T21:20:00Z",
  "timestamp_shift_hours": -3.0,
  "feature_date": "2026-07-06T18:20:00Z",
  "feature_age_sec": 5674,
  "max_feature_age_sec": 7200,
  "feature_fresh": true,
  "score_rows": 552,
  "eligible_shortlist_count": 202,
  "active_shortlist_count": 158,
  "selected_rule_id": "D150C_M5_ret_3h_bps_GEQ65__ret_24h_bps_GEQ35",
  "selected_label": "m5: ret_3h_bps >= q65 AND ret_24h_bps >= q35",
  "selected_condition_snapshot": "[{\"current\": 43.70774937672239, \"feature\": \"ret_3h_bps\", \"op\": \">=\", \"threshold\": 8.312210918892895}, {\"current\": -19.019203879629963, \"feature\": \"ret_24h_bps\", \"op\": \">=\", \"threshold\": -23.26867354462942}]",
  "repo_kv": "/Users/vahid/Desktop/xauusd-trader/data/demo_execution/xauusd_stage154_m5_active_router_rule_state_kv.csv",
  "repo_latest": "/Users/vahid/Desktop/xauusd-trader/data/demo_execution/xauusd_stage154_m5_active_router_rule_state_latest.csv",
  "mt5_kv_written": true,
  "mt5_kv": "/Users/vahid/Library/Application Support/net.metaquotes.wine.metatrader5/drive_c/Program Files/MetaTrader 5/MQL5/Files/xauusd_stage154_m5_active_router_rule_state_kv.csv",
  "mt5_latest": "/Users/vahid/Library/Application Support/net.metaquotes.wine.metatrader5/drive_c/Program Files/MetaTrader 5/MQL5/Files/xauusd_stage154_m5_active_router_rule_state_latest.csv",
  "stage134_instruction": {
    "InpRuleStateKvFile": "xauusd_stage154_m5_active_router_rule_state_kv.csv",
    "InpAllowedRules": "all",
    "keep_InpEnableDemoOrders": "true only on demo account"
  },
  "summary_json": "/Users/vahid/Desktop/xauusd-trader/reports/stage154_active_shortlist_rule_router/m5/stage154_active_shortlist_rule_router_summary.json",
  "next": [
    "Use Stage154 when a single locked Stage151 rule is inactive for too long.",
    "Keep Stage150B as offline replacement discovery; Stage154 only routes cached PASS candidates."
  ]
}
{
  "stage": "Stage154_ACTIVE_SHORTLIST_RULE_ROUTER",
  "generated_utc": "2026-07-06T19:59:36Z",
  "status": "STAGE154_COMPLETE_ACTIVE_SHORTLIST_RULE_ROUTER_READY",
  "decision": "STAGE154_ACTIVE_ROUTER_RULE_READY_POINT_STAGE134_TO_STAGE154_FILE",
  "root": "/Users/vahid/Desktop/xauusd-trader",
  "bars_path": "/Users/vahid/Downloads/xauusd_fundamental_event_inbox/amarkets_xauusd_5m.csv",
  "score_csv": "/Users/vahid/Desktop/xauusd-trader/reports/stage150_mtf_separated_validation_discovery/m5/stage150_candidate_scores.csv",
  "tf": "m5",
  "timeframe_minutes": 5,
  "raw_row_count": 318473,
  "bar_count": 318473,
  "raw_feature_date": "2026-07-06T21:20:00Z",
  "timestamp_shift_hours": -3.0,
  "feature_date": "2026-07-06T18:20:00Z",
  "feature_age_sec": 6009,
  "max_feature_age_sec": 7200,
  "feature_fresh": true,
  "score_rows": 552,
  "eligible_shortlist_count": 202,
  "active_shortlist_count": 158,
  "selected_rule_id": "D150C_M5_ret_3h_bps_GEQ65__ret_24h_bps_GEQ35",
  "selected_label": "m5: ret_3h_bps >= q65 AND ret_24h_bps >= q35",
  "selected_condition_snapshot": "[{\"current\": 43.70774937672239, \"feature\": \"ret_3h_bps\", \"op\": \">=\", \"threshold\": 8.312210918892895}, {\"current\": -19.019203879629963, \"feature\": \"ret_24h_bps\", \"op\": \">=\", \"threshold\": -23.26867354462942}]",
  "repo_kv": "/Users/vahid/Desktop/xauusd-trader/data/demo_execution/xauusd_stage154_m5_active_router_rule_state_kv.csv",
  "repo_latest": "/Users/vahid/Desktop/xauusd-trader/data/demo_execution/xauusd_stage154_m5_active_router_rule_state_latest.csv",
  "mt5_kv_written": true,
  "mt5_kv": "/Users/vahid/Library/Application Support/net.metaquotes.wine.metatrader5/drive_c/Program Files/MetaTrader 5/MQL5/Files/xauusd_stage154_m5_active_router_rule_state_kv.csv",
  "mt5_latest": "/Users/vahid/Library/Application Support/net.metaquotes.wine.metatrader5/drive_c/Program Files/MetaTrader 5/MQL5/Files/xauusd_stage154_m5_active_router_rule_state_latest.csv",
  "stage134_instruction": {
    "InpRuleStateKvFile": "xauusd_stage154_m5_active_router_rule_state_kv.csv",
    "InpAllowedRules": "all",
    "keep_InpEnableDemoOrders": "true only on demo account"
  },
  "summary_json": "/Users/vahid/Desktop/xauusd-trader/reports/stage154_active_shortlist_rule_router/m5/stage154_active_shortlist_rule_router_summary.json",
  "next": [
    "Use Stage154 when a single locked Stage151 rule is inactive for too long.",
    "Keep Stage150B as offline replacement discovery; Stage154 only routes cached PASS candidates."
  ]
}
{
  "stage": "Stage154_ACTIVE_SHORTLIST_RULE_ROUTER",
  "generated_utc": "2026-07-06T20:08:21Z",
  "status": "STAGE154_COMPLETE_ACTIVE_SHORTLIST_RULE_ROUTER_READY",
  "decision": "STAGE154_ACTIVE_ROUTER_RULE_READY_POINT_STAGE134_TO_STAGE154_FILE",
  "root": "/Users/vahid/Desktop/xauusd-trader",
  "bars_path": "/Users/vahid/Downloads/xauusd_fundamental_event_inbox/amarkets_xauusd_5m.csv",
  "score_csv": "/Users/vahid/Desktop/xauusd-trader/reports/stage150_mtf_separated_validation_discovery/m5/stage150_candidate_scores.csv",
  "tf": "m5",
  "timeframe_minutes": 5,
  "raw_row_count": 318473,
  "bar_count": 318473,
  "raw_feature_date": "2026-07-06T21:20:00Z",
  "timestamp_shift_hours": -3.0,
  "feature_date": "2026-07-06T18:20:00Z",
  "feature_age_sec": 6536,
  "max_feature_age_sec": 7200,
  "feature_fresh": true,
  "score_rows": 552,
  "eligible_shortlist_count": 202,
  "active_shortlist_count": 158,
  "selected_rule_id": "D150C_M5_ret_3h_bps_GEQ65__ret_24h_bps_GEQ35",
  "selected_label": "m5: ret_3h_bps >= q65 AND ret_24h_bps >= q35",
  "selected_condition_snapshot": "[{\"current\": 43.70774937672239, \"feature\": \"ret_3h_bps\", \"op\": \">=\", \"threshold\": 8.312210918892895}, {\"current\": -19.019203879629963, \"feature\": \"ret_24h_bps\", \"op\": \">=\", \"threshold\": -23.26867354462942}]",
  "repo_kv": "/Users/vahid/Desktop/xauusd-trader/data/demo_execution/xauusd_stage154_m5_active_router_rule_state_kv.csv",
  "repo_latest": "/Users/vahid/Desktop/xauusd-trader/data/demo_execution/xauusd_stage154_m5_active_router_rule_state_latest.csv",
  "mt5_kv_written": true,
  "mt5_kv": "/Users/vahid/Library/Application Support/net.metaquotes.wine.metatrader5/drive_c/Program Files/MetaTrader 5/MQL5/Files/xauusd_stage154_m5_active_router_rule_state_kv.csv",
  "mt5_latest": "/Users/vahid/Library/Application Support/net.metaquotes.wine.metatrader5/drive_c/Program Files/MetaTrader 5/MQL5/Files/xauusd_stage154_m5_active_router_rule_state_latest.csv",
  "stage134_instruction": {
    "InpRuleStateKvFile": "xauusd_stage154_m5_active_router_rule_state_kv.csv",
    "InpAllowedRules": "all",
    "keep_InpEnableDemoOrders": "true only on demo account"
  },
  "summary_json": "/Users/vahid/Desktop/xauusd-trader/reports/stage154_active_shortlist_rule_router/m5/stage154_active_shortlist_rule_router_summary.json",
  "next": [
    "Use Stage154 when a single locked Stage151 rule is inactive for too long.",
    "Keep Stage150B as offline replacement discovery; Stage154 only routes cached PASS candidates."
  ]
}
{
  "stage": "Stage154_ACTIVE_SHORTLIST_RULE_ROUTER",
  "generated_utc": "2026-07-06T22:14:31Z",
  "status": "STAGE154_COMPLETE_ACTIVE_SHORTLIST_RULE_ROUTER_READY",
  "decision": "STAGE154_ACTIVE_ROUTER_STALE_NO_ORDER",
  "root": "/Users/vahid/Desktop/xauusd-trader",
  "bars_path": "/Users/vahid/Downloads/xauusd_fundamental_event_inbox/amarkets_xauusd_5m.csv",
  "score_csv": "/Users/vahid/Desktop/xauusd-trader/reports/stage150_mtf_separated_validation_discovery/m5/stage150_candidate_scores.csv",
  "tf": "m5",
  "timeframe_minutes": 5,
  "raw_row_count": 318473,
  "bar_count": 318473,
  "raw_feature_date": "2026-07-06T21:20:00Z",
  "timestamp_shift_hours": -3.0,
  "feature_date": "2026-07-06T18:20:00Z",
  "feature_age_sec": 14103,
  "max_feature_age_sec": 7200,
  "feature_fresh": false,
  "score_rows": 552,
  "eligible_shortlist_count": 202,
  "active_shortlist_count": 158,
  "selected_rule_id": "D150C_M5_ret_3h_bps_GEQ65__ret_24h_bps_GEQ35",
  "selected_label": "m5: ret_3h_bps >= q65 AND ret_24h_bps >= q35",
  "selected_condition_snapshot": "[{\"current\": 43.70774937672239, \"feature\": \"ret_3h_bps\", \"op\": \">=\", \"threshold\": 8.312210918892895}, {\"current\": -19.019203879629963, \"feature\": \"ret_24h_bps\", \"op\": \">=\", \"threshold\": -23.26867354462942}]",
  "repo_kv": "/Users/vahid/Desktop/xauusd-trader/data/demo_execution/xauusd_stage154_m5_active_router_rule_state_kv.csv",
  "repo_latest": "/Users/vahid/Desktop/xauusd-trader/data/demo_execution/xauusd_stage154_m5_active_router_rule_state_latest.csv",
  "mt5_kv_written": true,
  "mt5_kv": "/Users/vahid/Library/Application Support/net.metaquotes.wine.metatrader5/drive_c/Program Files/MetaTrader 5/MQL5/Files/xauusd_stage154_m5_active_router_rule_state_kv.csv",
  "mt5_latest": "/Users/vahid/Library/Application Support/net.metaquotes.wine.metatrader5/drive_c/Program Files/MetaTrader 5/MQL5/Files/xauusd_stage154_m5_active_router_rule_state_latest.csv",
  "stage134_instruction": {
    "InpRuleStateKvFile": "xauusd_stage154_m5_active_router_rule_state_kv.csv",
    "InpAllowedRules": "all",
    "keep_InpEnableDemoOrders": "true only on demo account"
  },
  "summary_json": "/Users/vahid/Desktop/xauusd-trader/reports/stage154_active_shortlist_rule_router/m5/stage154_active_shortlist_rule_router_summary.json",
  "next": [
    "Use Stage154 when a single locked Stage151 rule is inactive for too long.",
    "Keep Stage150B as offline replacement discovery; Stage154 only routes cached PASS candidates."
  ]
}
{
  "stage": "Stage154_ACTIVE_SHORTLIST_RULE_ROUTER",
  "generated_utc": "2026-07-07T04:20:54Z",
  "status": "STAGE154_COMPLETE_ACTIVE_SHORTLIST_RULE_ROUTER_READY",
  "decision": "STAGE154_ACTIVE_ROUTER_STALE_NO_ORDER",
  "root": "/Users/vahid/Desktop/xauusd-trader",
  "bars_path": "/Users/vahid/Downloads/xauusd_fundamental_event_inbox/amarkets_xauusd_5m.csv",
  "score_csv": "/Users/vahid/Desktop/xauusd-trader/reports/stage150_mtf_separated_validation_discovery/m5/stage150_candidate_scores.csv",
  "tf": "m5",
  "timeframe_minutes": 5,
  "raw_row_count": 318473,
  "bar_count": 318473,
  "raw_feature_date": "2026-07-06T21:20:00Z",
  "timestamp_shift_hours": -3.0,
  "feature_date": "2026-07-06T18:20:00Z",
  "feature_age_sec": 39681,
  "max_feature_age_sec": 7200,
  "feature_fresh": false,
  "score_rows": 552,
  "eligible_shortlist_count": 202,
  "active_shortlist_count": 158,
  "selected_rule_id": "D150C_M5_ret_3h_bps_GEQ65__ret_24h_bps_GEQ35",
  "selected_label": "m5: ret_3h_bps >= q65 AND ret_24h_bps >= q35",
  "selected_condition_snapshot": "[{\"current\": 43.70774937672239, \"feature\": \"ret_3h_bps\", \"op\": \">=\", \"threshold\": 8.312210918892895}, {\"current\": -19.019203879629963, \"feature\": \"ret_24h_bps\", \"op\": \">=\", \"threshold\": -23.26867354462942}]",
  "repo_kv": "/Users/vahid/Desktop/xauusd-trader/data/demo_execution/xauusd_stage154_m5_active_router_rule_state_kv.csv",
  "repo_latest": "/Users/vahid/Desktop/xauusd-trader/data/demo_execution/xauusd_stage154_m5_active_router_rule_state_latest.csv",
  "mt5_kv_written": true,
  "mt5_kv": "/Users/vahid/Library/Application Support/net.metaquotes.wine.metatrader5/drive_c/Program Files/MetaTrader 5/MQL5/Files/xauusd_stage154_m5_active_router_rule_state_kv.csv",
  "mt5_latest": "/Users/vahid/Library/Application Support/net.metaquotes.wine.metatrader5/drive_c/Program Files/MetaTrader 5/MQL5/Files/xauusd_stage154_m5_active_router_rule_state_latest.csv",
  "stage134_instruction": {
    "InpRuleStateKvFile": "xauusd_stage154_m5_active_router_rule_state_kv.csv",
    "InpAllowedRules": "all",
    "keep_InpEnableDemoOrders": "true only on demo account"
  },
  "summary_json": "/Users/vahid/Desktop/xauusd-trader/reports/stage154_active_shortlist_rule_router/m5/stage154_active_shortlist_rule_router_summary.json",
  "next": [
    "Use Stage154 when a single locked Stage151 rule is inactive for too long.",
    "Keep Stage150B as offline replacement discovery; Stage154 only routes cached PASS candidates."
  ]
}
{
  "stage": "Stage154_ACTIVE_SHORTLIST_RULE_ROUTER",
  "generated_utc": "2026-07-07T08:41:34Z",
  "status": "STAGE154_COMPLETE_ACTIVE_SHORTLIST_RULE_ROUTER_READY",
  "decision": "STAGE154_ACTIVE_ROUTER_STALE_NO_ORDER",
  "root": "/Users/vahid/Desktop/xauusd-trader",
  "bars_path": "/Users/vahid/Downloads/xauusd_fundamental_event_inbox/amarkets_xauusd_5m.csv",
  "score_csv": "/Users/vahid/Desktop/xauusd-trader/reports/stage150_mtf_separated_validation_discovery/m5/stage150_candidate_scores.csv",
  "tf": "m5",
  "timeframe_minutes": 5,
  "raw_row_count": 318473,
  "bar_count": 318473,
  "raw_feature_date": "2026-07-06T21:20:00Z",
  "timestamp_shift_hours": -3.0,
  "feature_date": "2026-07-06T18:20:00Z",
  "feature_age_sec": 51753,
  "max_feature_age_sec": 7200,
  "feature_fresh": false,
  "score_rows": 552,
  "eligible_shortlist_count": 202,
  "active_shortlist_count": 158,
  "selected_rule_id": "D150C_M5_ret_3h_bps_GEQ65__ret_24h_bps_GEQ35",
  "selected_label": "m5: ret_3h_bps >= q65 AND ret_24h_bps >= q35",
  "selected_condition_snapshot": "[{\"current\": 43.70774937672239, \"feature\": \"ret_3h_bps\", \"op\": \">=\", \"threshold\": 8.312210918892895}, {\"current\": -19.019203879629963, \"feature\": \"ret_24h_bps\", \"op\": \">=\", \"threshold\": -23.26867354462942}]",
  "repo_kv": "/Users/vahid/Desktop/xauusd-trader/data/demo_execution/xauusd_stage154_m5_active_router_rule_state_kv.csv",
  "repo_latest": "/Users/vahid/Desktop/xauusd-trader/data/demo_execution/xauusd_stage154_m5_active_router_rule_state_latest.csv",
  "mt5_kv_written": true,
  "mt5_kv": "/Users/vahid/Library/Application Support/net.metaquotes.wine.metatrader5/drive_c/Program Files/MetaTrader 5/MQL5/Files/xauusd_stage154_m5_active_router_rule_state_kv.csv",
  "mt5_latest": "/Users/vahid/Library/Application Support/net.metaquotes.wine.metatrader5/drive_c/Program Files/MetaTrader 5/MQL5/Files/xauusd_stage154_m5_active_router_rule_state_latest.csv",
  "stage134_instruction": {
    "InpRuleStateKvFile": "xauusd_stage154_m5_active_router_rule_state_kv.csv",
    "InpAllowedRules": "all",
    "keep_InpEnableDemoOrders": "true only on demo account"
  },
  "summary_json": "/Users/vahid/Desktop/xauusd-trader/reports/stage154_active_shortlist_rule_router/m5/stage154_active_shortlist_rule_router_summary.json",
  "next": [
    "Use Stage154 when a single locked Stage151 rule is inactive for too long.",
    "Keep Stage150B as offline replacement discovery; Stage154 only routes cached PASS candidates."
  ]
}
{
  "stage": "Stage154_ACTIVE_SHORTLIST_RULE_ROUTER",
  "generated_utc": "2026-07-07T08:47:34Z",
  "status": "STAGE154_COMPLETE_ACTIVE_SHORTLIST_RULE_ROUTER_READY",
  "decision": "STAGE154_ACTIVE_ROUTER_STALE_NO_ORDER",
  "root": "/Users/vahid/Desktop/xauusd-trader",
  "bars_path": "/Users/vahid/Downloads/xauusd_fundamental_event_inbox/amarkets_xauusd_5m.csv",
  "score_csv": "/Users/vahid/Desktop/xauusd-trader/reports/stage150_mtf_separated_validation_discovery/m5/stage150_candidate_scores.csv",
  "tf": "m5",
  "timeframe_minutes": 5,
  "raw_row_count": 318473,
  "bar_count": 318473,
  "raw_feature_date": "2026-07-06T21:20:00Z",
  "timestamp_shift_hours": -3.0,
  "feature_date": "2026-07-06T18:20:00Z",
  "feature_age_sec": 52121,
  "max_feature_age_sec": 7200,
  "feature_fresh": false,
  "score_rows": 552,
  "eligible_shortlist_count": 202,
  "active_shortlist_count": 158,
  "selected_rule_id": "D150C_M5_ret_3h_bps_GEQ65__ret_24h_bps_GEQ35",
  "selected_label": "m5: ret_3h_bps >= q65 AND ret_24h_bps >= q35",
  "selected_condition_snapshot": "[{\"current\": 43.70774937672239, \"feature\": \"ret_3h_bps\", \"op\": \">=\", \"threshold\": 8.312210918892895}, {\"current\": -19.019203879629963, \"feature\": \"ret_24h_bps\", \"op\": \">=\", \"threshold\": -23.26867354462942}]",
  "repo_kv": "/Users/vahid/Desktop/xauusd-trader/data/demo_execution/xauusd_stage154_m5_active_router_rule_state_kv.csv",
  "repo_latest": "/Users/vahid/Desktop/xauusd-trader/data/demo_execution/xauusd_stage154_m5_active_router_rule_state_latest.csv",
  "mt5_kv_written": true,
  "mt5_kv": "/Users/vahid/Library/Application Support/net.metaquotes.wine.metatrader5/drive_c/Program Files/MetaTrader 5/MQL5/Files/xauusd_stage154_m5_active_router_rule_state_kv.csv",
  "mt5_latest": "/Users/vahid/Library/Application Support/net.metaquotes.wine.metatrader5/drive_c/Program Files/MetaTrader 5/MQL5/Files/xauusd_stage154_m5_active_router_rule_state_latest.csv",
  "stage134_instruction": {
    "InpRuleStateKvFile": "xauusd_stage154_m5_active_router_rule_state_kv.csv",
    "InpAllowedRules": "all",
    "keep_InpEnableDemoOrders": "true only on demo account"
  },
  "summary_json": "/Users/vahid/Desktop/xauusd-trader/reports/stage154_active_shortlist_rule_router/m5/stage154_active_shortlist_rule_router_summary.json",
  "next": [
    "Use Stage154 when a single locked Stage151 rule is inactive for too long.",
    "Keep Stage150B as offline replacement discovery; Stage154 only routes cached PASS candidates."
  ]
}
{
  "stage": "Stage154_ACTIVE_SHORTLIST_RULE_ROUTER",
  "generated_utc": "2026-07-07T08:53:45Z",
  "status": "STAGE154_COMPLETE_ACTIVE_SHORTLIST_RULE_ROUTER_READY",
  "decision": "STAGE154_ACTIVE_ROUTER_STALE_NO_ORDER",
  "root": "/Users/vahid/Desktop/xauusd-trader",
  "bars_path": "/Users/vahid/Downloads/xauusd_fundamental_event_inbox/amarkets_xauusd_5m.csv",
  "score_csv": "/Users/vahid/Desktop/xauusd-trader/reports/stage150_mtf_separated_validation_discovery/m5/stage150_candidate_scores.csv",
  "tf": "m5",
  "timeframe_minutes": 5,
  "raw_row_count": 318473,
  "bar_count": 318473,
  "raw_feature_date": "2026-07-06T21:20:00Z",
  "timestamp_shift_hours": -3.0,
  "feature_date": "2026-07-06T18:20:00Z",
  "feature_age_sec": 52443,
  "max_feature_age_sec": 7200,
  "feature_fresh": false,
  "score_rows": 552,
  "eligible_shortlist_count": 202,
  "active_shortlist_count": 158,
  "selected_rule_id": "D150C_M5_ret_3h_bps_GEQ65__ret_24h_bps_GEQ35",
  "selected_label": "m5: ret_3h_bps >= q65 AND ret_24h_bps >= q35",
  "selected_condition_snapshot": "[{\"current\": 43.70774937672239, \"feature\": \"ret_3h_bps\", \"op\": \">=\", \"threshold\": 8.312210918892895}, {\"current\": -19.019203879629963, \"feature\": \"ret_24h_bps\", \"op\": \">=\", \"threshold\": -23.26867354462942}]",
  "repo_kv": "/Users/vahid/Desktop/xauusd-trader/data/demo_execution/xauusd_stage154_m5_active_router_rule_state_kv.csv",
  "repo_latest": "/Users/vahid/Desktop/xauusd-trader/data/demo_execution/xauusd_stage154_m5_active_router_rule_state_latest.csv",
  "mt5_kv_written": true,
  "mt5_kv": "/Users/vahid/Library/Application Support/net.metaquotes.wine.metatrader5/drive_c/Program Files/MetaTrader 5/MQL5/Files/xauusd_stage154_m5_active_router_rule_state_kv.csv",
  "mt5_latest": "/Users/vahid/Library/Application Support/net.metaquotes.wine.metatrader5/drive_c/Program Files/MetaTrader 5/MQL5/Files/xauusd_stage154_m5_active_router_rule_state_latest.csv",
  "stage134_instruction": {
    "InpRuleStateKvFile": "xauusd_stage154_m5_active_router_rule_state_kv.csv",
    "InpAllowedRules": "all",
    "keep_InpEnableDemoOrders": "true only on demo account"
  },
  "summary_json": "/Users/vahid/Desktop/xauusd-trader/reports/stage154_active_shortlist_rule_router/m5/stage154_active_shortlist_rule_router_summary.json",
  "next": [
    "Use Stage154 when a single locked Stage151 rule is inactive for too long.",
    "Keep Stage150B as offline replacement discovery; Stage154 only routes cached PASS candidates."
  ]
}
{
  "stage": "Stage154_ACTIVE_SHORTLIST_RULE_ROUTER",
  "generated_utc": "2026-07-07T08:59:04Z",
  "status": "STAGE154_COMPLETE_ACTIVE_SHORTLIST_RULE_ROUTER_READY",
  "decision": "STAGE154_ACTIVE_ROUTER_STALE_NO_ORDER",
  "root": "/Users/vahid/Desktop/xauusd-trader",
  "bars_path": "/Users/vahid/Downloads/xauusd_fundamental_event_inbox/amarkets_xauusd_5m.csv",
  "score_csv": "/Users/vahid/Desktop/xauusd-trader/reports/stage150_mtf_separated_validation_discovery/m5/stage150_candidate_scores.csv",
  "tf": "m5",
  "timeframe_minutes": 5,
  "raw_row_count": 318473,
  "bar_count": 318473,
  "raw_feature_date": "2026-07-06T21:20:00Z",
  "timestamp_shift_hours": -3.0,
  "feature_date": "2026-07-06T18:20:00Z",
  "feature_age_sec": 52761,
  "max_feature_age_sec": 7200,
  "feature_fresh": false,
  "score_rows": 552,
  "eligible_shortlist_count": 202,
  "active_shortlist_count": 158,
  "selected_rule_id": "D150C_M5_ret_3h_bps_GEQ65__ret_24h_bps_GEQ35",
  "selected_label": "m5: ret_3h_bps >= q65 AND ret_24h_bps >= q35",
  "selected_condition_snapshot": "[{\"current\": 43.70774937672239, \"feature\": \"ret_3h_bps\", \"op\": \">=\", \"threshold\": 8.312210918892895}, {\"current\": -19.019203879629963, \"feature\": \"ret_24h_bps\", \"op\": \">=\", \"threshold\": -23.26867354462942}]",
  "repo_kv": "/Users/vahid/Desktop/xauusd-trader/data/demo_execution/xauusd_stage154_m5_active_router_rule_state_kv.csv",
  "repo_latest": "/Users/vahid/Desktop/xauusd-trader/data/demo_execution/xauusd_stage154_m5_active_router_rule_state_latest.csv",
  "mt5_kv_written": true,
  "mt5_kv": "/Users/vahid/Library/Application Support/net.metaquotes.wine.metatrader5/drive_c/Program Files/MetaTrader 5/MQL5/Files/xauusd_stage154_m5_active_router_rule_state_kv.csv",
  "mt5_latest": "/Users/vahid/Library/Application Support/net.metaquotes.wine.metatrader5/drive_c/Program Files/MetaTrader 5/MQL5/Files/xauusd_stage154_m5_active_router_rule_state_latest.csv",
  "stage134_instruction": {
    "InpRuleStateKvFile": "xauusd_stage154_m5_active_router_rule_state_kv.csv",
    "InpAllowedRules": "all",
    "keep_InpEnableDemoOrders": "true only on demo account"
  },
  "summary_json": "/Users/vahid/Desktop/xauusd-trader/reports/stage154_active_shortlist_rule_router/m5/stage154_active_shortlist_rule_router_summary.json",
  "next": [
    "Use Stage154 when a single locked Stage151 rule is inactive for too long.",
    "Keep Stage150B as offline replacement discovery; Stage154 only routes cached PASS candidates."
  ]
}
{
  "stage": "Stage154_ACTIVE_SHORTLIST_RULE_ROUTER",
  "generated_utc": "2026-07-07T09:04:22Z",
  "status": "STAGE154_COMPLETE_ACTIVE_SHORTLIST_RULE_ROUTER_READY",
  "decision": "STAGE154_ACTIVE_ROUTER_STALE_NO_ORDER",
  "root": "/Users/vahid/Desktop/xauusd-trader",
  "bars_path": "/Users/vahid/Downloads/xauusd_fundamental_event_inbox/amarkets_xauusd_5m.csv",
  "score_csv": "/Users/vahid/Desktop/xauusd-trader/reports/stage150_mtf_separated_validation_discovery/m5/stage150_candidate_scores.csv",
  "tf": "m5",
  "timeframe_minutes": 5,
  "raw_row_count": 318473,
  "bar_count": 318473,
  "raw_feature_date": "2026-07-06T21:20:00Z",
  "timestamp_shift_hours": -3.0,
  "feature_date": "2026-07-06T18:20:00Z",
  "feature_age_sec": 53083,
  "max_feature_age_sec": 7200,
  "feature_fresh": false,
  "score_rows": 552,
  "eligible_shortlist_count": 202,
  "active_shortlist_count": 158,
  "selected_rule_id": "D150C_M5_ret_3h_bps_GEQ65__ret_24h_bps_GEQ35",
  "selected_label": "m5: ret_3h_bps >= q65 AND ret_24h_bps >= q35",
  "selected_condition_snapshot": "[{\"current\": 43.70774937672239, \"feature\": \"ret_3h_bps\", \"op\": \">=\", \"threshold\": 8.312210918892895}, {\"current\": -19.019203879629963, \"feature\": \"ret_24h_bps\", \"op\": \">=\", \"threshold\": -23.26867354462942}]",
  "repo_kv": "/Users/vahid/Desktop/xauusd-trader/data/demo_execution/xauusd_stage154_m5_active_router_rule_state_kv.csv",
  "repo_latest": "/Users/vahid/Desktop/xauusd-trader/data/demo_execution/xauusd_stage154_m5_active_router_rule_state_latest.csv",
  "mt5_kv_written": true,
  "mt5_kv": "/Users/vahid/Library/Application Support/net.metaquotes.wine.metatrader5/drive_c/Program Files/MetaTrader 5/MQL5/Files/xauusd_stage154_m5_active_router_rule_state_kv.csv",
  "mt5_latest": "/Users/vahid/Library/Application Support/net.metaquotes.wine.metatrader5/drive_c/Program Files/MetaTrader 5/MQL5/Files/xauusd_stage154_m5_active_router_rule_state_latest.csv",
  "stage134_instruction": {
    "InpRuleStateKvFile": "xauusd_stage154_m5_active_router_rule_state_kv.csv",
    "InpAllowedRules": "all",
    "keep_InpEnableDemoOrders": "true only on demo account"
  },
  "summary_json": "/Users/vahid/Desktop/xauusd-trader/reports/stage154_active_shortlist_rule_router/m5/stage154_active_shortlist_rule_router_summary.json",
  "next": [
    "Use Stage154 when a single locked Stage151 rule is inactive for too long.",
    "Keep Stage150B as offline replacement discovery; Stage154 only routes cached PASS candidates."
  ]
}
{
  "stage": "Stage154_ACTIVE_SHORTLIST_RULE_ROUTER",
  "generated_utc": "2026-07-07T09:09:44Z",
  "status": "STAGE154_COMPLETE_ACTIVE_SHORTLIST_RULE_ROUTER_READY",
  "decision": "STAGE154_ACTIVE_ROUTER_STALE_NO_ORDER",
  "root": "/Users/vahid/Desktop/xauusd-trader",
  "bars_path": "/Users/vahid/Downloads/xauusd_fundamental_event_inbox/amarkets_xauusd_5m.csv",
  "score_csv": "/Users/vahid/Desktop/xauusd-trader/reports/stage150_mtf_separated_validation_discovery/m5/stage150_candidate_scores.csv",
  "tf": "m5",
  "timeframe_minutes": 5,
  "raw_row_count": 318473,
  "bar_count": 318473,
  "raw_feature_date": "2026-07-06T21:20:00Z",
  "timestamp_shift_hours": -3.0,
  "feature_date": "2026-07-06T18:20:00Z",
  "feature_age_sec": 53464,
  "max_feature_age_sec": 7200,
  "feature_fresh": false,
  "score_rows": 552,
  "eligible_shortlist_count": 202,
  "active_shortlist_count": 158,
  "selected_rule_id": "D150C_M5_ret_3h_bps_GEQ65__ret_24h_bps_GEQ35",
  "selected_label": "m5: ret_3h_bps >= q65 AND ret_24h_bps >= q35",
  "selected_condition_snapshot": "[{\"current\": 43.70774937672239, \"feature\": \"ret_3h_bps\", \"op\": \">=\", \"threshold\": 8.312210918892895}, {\"current\": -19.019203879629963, \"feature\": \"ret_24h_bps\", \"op\": \">=\", \"threshold\": -23.26867354462942}]",
  "repo_kv": "/Users/vahid/Desktop/xauusd-trader/data/demo_execution/xauusd_stage154_m5_active_router_rule_state_kv.csv",
  "repo_latest": "/Users/vahid/Desktop/xauusd-trader/data/demo_execution/xauusd_stage154_m5_active_router_rule_state_latest.csv",
  "mt5_kv_written": true,
  "mt5_kv": "/Users/vahid/Library/Application Support/net.metaquotes.wine.metatrader5/drive_c/Program Files/MetaTrader 5/MQL5/Files/xauusd_stage154_m5_active_router_rule_state_kv.csv",
  "mt5_latest": "/Users/vahid/Library/Application Support/net.metaquotes.wine.metatrader5/drive_c/Program Files/MetaTrader 5/MQL5/Files/xauusd_stage154_m5_active_router_rule_state_latest.csv",
  "stage134_instruction": {
    "InpRuleStateKvFile": "xauusd_stage154_m5_active_router_rule_state_kv.csv",
    "InpAllowedRules": "all",
    "keep_InpEnableDemoOrders": "true only on demo account"
  },
  "summary_json": "/Users/vahid/Desktop/xauusd-trader/reports/stage154_active_shortlist_rule_router/m5/stage154_active_shortlist_rule_router_summary.json",
  "next": [
    "Use Stage154 when a single locked Stage151 rule is inactive for too long.",
    "Keep Stage150B as offline replacement discovery; Stage154 only routes cached PASS candidates."
  ]
}
{
  "stage": "Stage154_ACTIVE_SHORTLIST_RULE_ROUTER",
  "generated_utc": "2026-07-07T09:16:06Z",
  "status": "STAGE154_COMPLETE_ACTIVE_SHORTLIST_RULE_ROUTER_READY",
  "decision": "STAGE154_ACTIVE_ROUTER_STALE_NO_ORDER",
  "root": "/Users/vahid/Desktop/xauusd-trader",
  "bars_path": "/Users/vahid/Downloads/xauusd_fundamental_event_inbox/amarkets_xauusd_5m.csv",
  "score_csv": "/Users/vahid/Desktop/xauusd-trader/reports/stage150_mtf_separated_validation_discovery/m5/stage150_candidate_scores.csv",
  "tf": "m5",
  "timeframe_minutes": 5,
  "raw_row_count": 318473,
  "bar_count": 318473,
  "raw_feature_date": "2026-07-06T21:20:00Z",
  "timestamp_shift_hours": -3.0,
  "feature_date": "2026-07-06T18:20:00Z",
  "feature_age_sec": 53784,
  "max_feature_age_sec": 7200,
  "feature_fresh": false,
  "score_rows": 552,
  "eligible_shortlist_count": 202,
  "active_shortlist_count": 158,
  "selected_rule_id": "D150C_M5_ret_3h_bps_GEQ65__ret_24h_bps_GEQ35",
  "selected_label": "m5: ret_3h_bps >= q65 AND ret_24h_bps >= q35",
  "selected_condition_snapshot": "[{\"current\": 43.70774937672239, \"feature\": \"ret_3h_bps\", \"op\": \">=\", \"threshold\": 8.312210918892895}, {\"current\": -19.019203879629963, \"feature\": \"ret_24h_bps\", \"op\": \">=\", \"threshold\": -23.26867354462942}]",
  "repo_kv": "/Users/vahid/Desktop/xauusd-trader/data/demo_execution/xauusd_stage154_m5_active_router_rule_state_kv.csv",
  "repo_latest": "/Users/vahid/Desktop/xauusd-trader/data/demo_execution/xauusd_stage154_m5_active_router_rule_state_latest.csv",
  "mt5_kv_written": true,
  "mt5_kv": "/Users/vahid/Library/Application Support/net.metaquotes.wine.metatrader5/drive_c/Program Files/MetaTrader 5/MQL5/Files/xauusd_stage154_m5_active_router_rule_state_kv.csv",
  "mt5_latest": "/Users/vahid/Library/Application Support/net.metaquotes.wine.metatrader5/drive_c/Program Files/MetaTrader 5/MQL5/Files/xauusd_stage154_m5_active_router_rule_state_latest.csv",
  "stage134_instruction": {
    "InpRuleStateKvFile": "xauusd_stage154_m5_active_router_rule_state_kv.csv",
    "InpAllowedRules": "all",
    "keep_InpEnableDemoOrders": "true only on demo account"
  },
  "summary_json": "/Users/vahid/Desktop/xauusd-trader/reports/stage154_active_shortlist_rule_router/m5/stage154_active_shortlist_rule_router_summary.json",
  "next": [
    "Use Stage154 when a single locked Stage151 rule is inactive for too long.",
    "Keep Stage150B as offline replacement discovery; Stage154 only routes cached PASS candidates."
  ]
}
{
  "stage": "Stage154_ACTIVE_SHORTLIST_RULE_ROUTER",
  "generated_utc": "2026-07-07T09:21:25Z",
  "status": "STAGE154_COMPLETE_ACTIVE_SHORTLIST_RULE_ROUTER_READY",
  "decision": "STAGE154_ACTIVE_ROUTER_STALE_NO_ORDER",
  "root": "/Users/vahid/Desktop/xauusd-trader",
  "bars_path": "/Users/vahid/Downloads/xauusd_fundamental_event_inbox/amarkets_xauusd_5m.csv",
  "score_csv": "/Users/vahid/Desktop/xauusd-trader/reports/stage150_mtf_separated_validation_discovery/m5/stage150_candidate_scores.csv",
  "tf": "m5",
  "timeframe_minutes": 5,
  "raw_row_count": 318473,
  "bar_count": 318473,
  "raw_feature_date": "2026-07-06T21:20:00Z",
  "timestamp_shift_hours": -3.0,
  "feature_date": "2026-07-06T18:20:00Z",
  "feature_age_sec": 54116,
  "max_feature_age_sec": 7200,
  "feature_fresh": false,
  "score_rows": 552,
  "eligible_shortlist_count": 202,
  "active_shortlist_count": 158,
  "selected_rule_id": "D150C_M5_ret_3h_bps_GEQ65__ret_24h_bps_GEQ35",
  "selected_label": "m5: ret_3h_bps >= q65 AND ret_24h_bps >= q35",
  "selected_condition_snapshot": "[{\"current\": 43.70774937672239, \"feature\": \"ret_3h_bps\", \"op\": \">=\", \"threshold\": 8.312210918892895}, {\"current\": -19.019203879629963, \"feature\": \"ret_24h_bps\", \"op\": \">=\", \"threshold\": -23.26867354462942}]",
  "repo_kv": "/Users/vahid/Desktop/xauusd-trader/data/demo_execution/xauusd_stage154_m5_active_router_rule_state_kv.csv",
  "repo_latest": "/Users/vahid/Desktop/xauusd-trader/data/demo_execution/xauusd_stage154_m5_active_router_rule_state_latest.csv",
  "mt5_kv_written": true,
  "mt5_kv": "/Users/vahid/Library/Application Support/net.metaquotes.wine.metatrader5/drive_c/Program Files/MetaTrader 5/MQL5/Files/xauusd_stage154_m5_active_router_rule_state_kv.csv",
  "mt5_latest": "/Users/vahid/Library/Application Support/net.metaquotes.wine.metatrader5/drive_c/Program Files/MetaTrader 5/MQL5/Files/xauusd_stage154_m5_active_router_rule_state_latest.csv",
  "stage134_instruction": {
    "InpRuleStateKvFile": "xauusd_stage154_m5_active_router_rule_state_kv.csv",
    "InpAllowedRules": "all",
    "keep_InpEnableDemoOrders": "true only on demo account"
  },
  "summary_json": "/Users/vahid/Desktop/xauusd-trader/reports/stage154_active_shortlist_rule_router/m5/stage154_active_shortlist_rule_router_summary.json",
  "next": [
    "Use Stage154 when a single locked Stage151 rule is inactive for too long.",
    "Keep Stage150B as offline replacement discovery; Stage154 only routes cached PASS candidates."
  ]
}
{
  "stage": "Stage154_ACTIVE_SHORTLIST_RULE_ROUTER",
  "generated_utc": "2026-07-07T09:26:58Z",
  "status": "STAGE154_COMPLETE_ACTIVE_SHORTLIST_RULE_ROUTER_READY",
  "decision": "STAGE154_ACTIVE_ROUTER_RULE_READY_POINT_STAGE134_TO_STAGE154_FILE",
  "root": "/Users/vahid/Desktop/xauusd-trader",
  "bars_path": "/Users/vahid/Downloads/xauusd_fundamental_event_inbox/amarkets_xauusd_5m.csv",
  "score_csv": "/Users/vahid/Desktop/xauusd-trader/reports/stage150_mtf_separated_validation_discovery/m5/stage150_candidate_scores.csv",
  "tf": "m5",
  "timeframe_minutes": 5,
  "raw_row_count": 318641,
  "bar_count": 318641,
  "raw_feature_date": "2026-07-07T12:20:00Z",
  "timestamp_shift_hours": -3.0,
  "feature_date": "2026-07-07T09:20:00Z",
  "feature_age_sec": 433,
  "max_feature_age_sec": 7200,
  "feature_fresh": true,
  "score_rows": 552,
  "eligible_shortlist_count": 202,
  "active_shortlist_count": 78,
  "selected_rule_id": "D150C_M5_ret_3h_bps_GEQ35__trend_50_100_bps_GEQ35",
  "selected_label": "m5: ret_3h_bps >= q35 AND trend_50_100_bps >= q35",
  "selected_condition_snapshot": "[{\"current\": -2.470984105756857, \"feature\": \"ret_3h_bps\", \"op\": \">=\", \"threshold\": -7.365592665587284}, {\"current\": 127.85634942136693, \"feature\": \"trend_50_100_bps\", \"op\": \">=\", \"threshold\": -14.337320822584214}]",
  "repo_kv": "/Users/vahid/Desktop/xauusd-trader/data/demo_execution/xauusd_stage154_m5_active_router_rule_state_kv.csv",
  "repo_latest": "/Users/vahid/Desktop/xauusd-trader/data/demo_execution/xauusd_stage154_m5_active_router_rule_state_latest.csv",
  "mt5_kv_written": true,
  "mt5_kv": "/Users/vahid/Library/Application Support/net.metaquotes.wine.metatrader5/drive_c/Program Files/MetaTrader 5/MQL5/Files/xauusd_stage154_m5_active_router_rule_state_kv.csv",
  "mt5_latest": "/Users/vahid/Library/Application Support/net.metaquotes.wine.metatrader5/drive_c/Program Files/MetaTrader 5/MQL5/Files/xauusd_stage154_m5_active_router_rule_state_latest.csv",
  "stage134_instruction": {
    "InpRuleStateKvFile": "xauusd_stage154_m5_active_router_rule_state_kv.csv",
    "InpAllowedRules": "all",
    "keep_InpEnableDemoOrders": "true only on demo account"
  },
  "summary_json": "/Users/vahid/Desktop/xauusd-trader/reports/stage154_active_shortlist_rule_router/m5/stage154_active_shortlist_rule_router_summary.json",
  "next": [
    "Use Stage154 when a single locked Stage151 rule is inactive for too long.",
    "Keep Stage150B as offline replacement discovery; Stage154 only routes cached PASS candidates."
  ]
}
{
  "stage": "Stage154_ACTIVE_SHORTLIST_RULE_ROUTER",
  "generated_utc": "2026-07-07T09:32:16Z",
  "status": "STAGE154_COMPLETE_ACTIVE_SHORTLIST_RULE_ROUTER_READY",
  "decision": "STAGE154_ACTIVE_ROUTER_RULE_READY_POINT_STAGE134_TO_STAGE154_FILE",
  "root": "/Users/vahid/Desktop/xauusd-trader",
  "bars_path": "/Users/vahid/Downloads/xauusd_fundamental_event_inbox/amarkets_xauusd_5m.csv",
  "score_csv": "/Users/vahid/Desktop/xauusd-trader/reports/stage150_mtf_separated_validation_discovery/m5/stage150_candidate_scores.csv",
  "tf": "m5",
  "timeframe_minutes": 5,
  "raw_row_count": 318641,
  "bar_count": 318641,
  "raw_feature_date": "2026-07-07T12:20:00Z",
  "timestamp_shift_hours": -3.0,
  "feature_date": "2026-07-07T09:20:00Z",
  "feature_age_sec": 776,
  "max_feature_age_sec": 7200,
  "feature_fresh": true,
  "score_rows": 552,
  "eligible_shortlist_count": 202,
  "active_shortlist_count": 78,
  "selected_rule_id": "D150C_M5_ret_3h_bps_GEQ35__trend_50_100_bps_GEQ35",
  "selected_label": "m5: ret_3h_bps >= q35 AND trend_50_100_bps >= q35",
  "selected_condition_snapshot": "[{\"current\": -2.470984105756857, \"feature\": \"ret_3h_bps\", \"op\": \">=\", \"threshold\": -7.365592665587284}, {\"current\": 127.85634942136693, \"feature\": \"trend_50_100_bps\", \"op\": \">=\", \"threshold\": -14.337320822584214}]",
  "repo_kv": "/Users/vahid/Desktop/xauusd-trader/data/demo_execution/xauusd_stage154_m5_active_router_rule_state_kv.csv",
  "repo_latest": "/Users/vahid/Desktop/xauusd-trader/data/demo_execution/xauusd_stage154_m5_active_router_rule_state_latest.csv",
  "mt5_kv_written": true,
  "mt5_kv": "/Users/vahid/Library/Application Support/net.metaquotes.wine.metatrader5/drive_c/Program Files/MetaTrader 5/MQL5/Files/xauusd_stage154_m5_active_router_rule_state_kv.csv",
  "mt5_latest": "/Users/vahid/Library/Application Support/net.metaquotes.wine.metatrader5/drive_c/Program Files/MetaTrader 5/MQL5/Files/xauusd_stage154_m5_active_router_rule_state_latest.csv",
  "stage134_instruction": {
    "InpRuleStateKvFile": "xauusd_stage154_m5_active_router_rule_state_kv.csv",
    "InpAllowedRules": "all",
    "keep_InpEnableDemoOrders": "true only on demo account"
  },
  "summary_json": "/Users/vahid/Desktop/xauusd-trader/reports/stage154_active_shortlist_rule_router/m5/stage154_active_shortlist_rule_router_summary.json",
  "next": [
    "Use Stage154 when a single locked Stage151 rule is inactive for too long.",
    "Keep Stage150B as offline replacement discovery; Stage154 only routes cached PASS candidates."
  ]
}
{
  "stage": "Stage154_ACTIVE_SHORTLIST_RULE_ROUTER",
  "generated_utc": "2026-07-07T09:37:59Z",
  "status": "STAGE154_COMPLETE_ACTIVE_SHORTLIST_RULE_ROUTER_READY",
  "decision": "STAGE154_ACTIVE_ROUTER_RULE_READY_POINT_STAGE134_TO_STAGE154_FILE",
  "root": "/Users/vahid/Desktop/xauusd-trader",
  "bars_path": "/Users/vahid/Downloads/xauusd_fundamental_event_inbox/amarkets_xauusd_5m.csv",
  "score_csv": "/Users/vahid/Desktop/xauusd-trader/reports/stage150_mtf_separated_validation_discovery/m5/stage150_candidate_scores.csv",
  "tf": "m5",
  "timeframe_minutes": 5,
  "raw_row_count": 318641,
  "bar_count": 318641,
  "raw_feature_date": "2026-07-07T12:20:00Z",
  "timestamp_shift_hours": -3.0,
  "feature_date": "2026-07-07T09:20:00Z",
  "feature_age_sec": 1178,
  "max_feature_age_sec": 7200,
  "feature_fresh": true,
  "score_rows": 552,
  "eligible_shortlist_count": 202,
  "active_shortlist_count": 78,
  "selected_rule_id": "D150C_M5_ret_3h_bps_GEQ35__trend_50_100_bps_GEQ35",
  "selected_label": "m5: ret_3h_bps >= q35 AND trend_50_100_bps >= q35",
  "selected_condition_snapshot": "[{\"current\": -2.470984105756857, \"feature\": \"ret_3h_bps\", \"op\": \">=\", \"threshold\": -7.365592665587284}, {\"current\": 127.85634942136693, \"feature\": \"trend_50_100_bps\", \"op\": \">=\", \"threshold\": -14.337320822584214}]",
  "repo_kv": "/Users/vahid/Desktop/xauusd-trader/data/demo_execution/xauusd_stage154_m5_active_router_rule_state_kv.csv",
  "repo_latest": "/Users/vahid/Desktop/xauusd-trader/data/demo_execution/xauusd_stage154_m5_active_router_rule_state_latest.csv",
  "mt5_kv_written": true,
  "mt5_kv": "/Users/vahid/Library/Application Support/net.metaquotes.wine.metatrader5/drive_c/Program Files/MetaTrader 5/MQL5/Files/xauusd_stage154_m5_active_router_rule_state_kv.csv",
  "mt5_latest": "/Users/vahid/Library/Application Support/net.metaquotes.wine.metatrader5/drive_c/Program Files/MetaTrader 5/MQL5/Files/xauusd_stage154_m5_active_router_rule_state_latest.csv",
  "stage134_instruction": {
    "InpRuleStateKvFile": "xauusd_stage154_m5_active_router_rule_state_kv.csv",
    "InpAllowedRules": "all",
    "keep_InpEnableDemoOrders": "true only on demo account"
  },
  "summary_json": "/Users/vahid/Desktop/xauusd-trader/reports/stage154_active_shortlist_rule_router/m5/stage154_active_shortlist_rule_router_summary.json",
  "next": [
    "Use Stage154 when a single locked Stage151 rule is inactive for too long.",
    "Keep Stage150B as offline replacement discovery; Stage154 only routes cached PASS candidates."
  ]
}
