{
  "stage": "Stage134_DEMO_EXECUTOR_PILOT_COLLECTOR",
  "generated_utc": "2026-07-01T00:13:39Z",
  "status": "STAGE134_COMPLETE_DEMO_EXECUTOR_PILOT_COLLECTOR_READY",
  "collector_decision": "STAGE134_DEMO_EXECUTOR_RUNNING_WAIT_FOR_ACTIVE_SIGNAL",
  "root": "/Users/vahid/Desktop/xauusd-trader",
  "mt5_files": "/Users/vahid/Library/Application Support/net.metaquotes.wine.metatrader5/drive_c/Program Files/MetaTrader 5/MQL5/Files",
  "mt5_experts": "/Users/vahid/Library/Application Support/net.metaquotes.wine.metatrader5/drive_c/Program Files/MetaTrader 5/MQL5/Experts/Advisors/XAUUSD",
  "ea_name": "XAUUSD_Stage134_DemoExecutorPilot_EA.mq5",
  "installed_to": "",
  "status_kv": "/Users/vahid/Library/Application Support/net.metaquotes.wine.metatrader5/drive_c/Program Files/MetaTrader 5/MQL5/Files/xauusd_stage134_demo_executor_status_kv.csv",
  "trade_log": "/Users/vahid/Library/Application Support/net.metaquotes.wine.metatrader5/drive_c/Program Files/MetaTrader 5/MQL5/Files/xauusd_stage134_demo_executor_trade_log.csv",
  "status_format": "PIPE",
  "snapshot_utc": "2026-07-01T00:13:39Z",
  "status_exists": true,
  "status_fresh": true,
  "status_age_sec": 3.16,
  "decision": "BLOCKED_SIGNAL_STALE",
  "reason": "Stage133 rule-state telemetry is stale or missing",
  "demo_orders_enabled": "true",
  "require_demo_account": "true",
  "account_mode": "DEMO",
  "demo_account_ok": "true",
  "terminal_trade_allowed": "true",
  "mql_trade_allowed": "true",
  "account_trade_allowed": "true",
  "selected_rule_id": "",
  "feature_date": "2026-06-26",
  "any_signal_active": "false",
  "active_rule_count": "0",
  "signal_fresh": "false",
  "signal_age_sec": "979",
  "spread_ok": "true",
  "spread_points": "42",
  "open_positions": "0",
  "max_open_positions": "1",
  "lot": "0.01",
  "order_attempted": "false",
  "last_retcode": "",
  "last_retcode_description": "",
  "trade_log_rows": 0,
  "trade_attempts": 0,
  "trade_accepted": 0,
  "recent_trades": [],
  "latest_snapshot_csv": "/Users/vahid/Desktop/xauusd-trader/reports/stage134_demo_executor_pilot/stage134_latest_demo_executor_snapshot.csv",
  "history_csv": "/Users/vahid/Desktop/xauusd-trader/data/demo_execution/stage134_demo_executor_snapshots.csv",
  "risk_manifest_csv": "/Users/vahid/Desktop/xauusd-trader/reports/stage134_demo_executor_pilot/stage134_demo_risk_manifest.csv",
  "status_kv_repo": "/Users/vahid/Desktop/xauusd-trader/data/demo_execution/stage134_demo_executor_collector_status_kv.csv",
  "status_kv_report": "/Users/vahid/Desktop/xauusd-trader/reports/stage134_demo_executor_pilot/stage134_demo_executor_collector_status_kv.csv",
  "mt5_collector_status_kv": "/Users/vahid/Library/Application Support/net.metaquotes.wine.metatrader5/drive_c/Program Files/MetaTrader 5/MQL5/Files/xauusd_stage134_demo_executor_collector_status_kv.csv",
  "summary_json": "/Users/vahid/Desktop/xauusd-trader/reports/stage134_demo_executor_pilot/stage134_demo_executor_pilot_summary.json",
  "report_md": "/Users/vahid/Desktop/xauusd-trader/reports/stage134_demo_executor_pilot/stage134_demo_executor_pilot_report.md",
  "next": [
    "Compile XAUUSD_Stage134_DemoExecutorPilot_EA in MetaEditor and attach it to XAUUSD,H1 demo chart.",
    "Set InpEnableDemoOrders=true only on demo account when ready to arm demo execution.",
    "When a Stage133 selected rule becomes active, collect retcode/fill/PnL from demo logs."
  ]
}
{
  "stage": "Stage134_DEMO_EXECUTOR_PILOT_COLLECTOR",
  "generated_utc": "2026-07-01T00:23:40Z",
  "status": "STAGE134_COMPLETE_DEMO_EXECUTOR_PILOT_COLLECTOR_READY",
  "collector_decision": "STAGE134_DEMO_EXECUTOR_RUNNING_WAIT_FOR_ACTIVE_SIGNAL",
  "root": "/Users/vahid/Desktop/xauusd-trader",
  "mt5_files": "/Users/vahid/Library/Application Support/net.metaquotes.wine.metatrader5/drive_c/Program Files/MetaTrader 5/MQL5/Files",
  "mt5_experts": "/Users/vahid/Library/Application Support/net.metaquotes.wine.metatrader5/drive_c/Program Files/MetaTrader 5/MQL5/Experts/Advisors/XAUUSD",
  "ea_name": "XAUUSD_Stage134_DemoExecutorPilot_EA.mq5",
  "installed_to": "",
  "status_kv": "/Users/vahid/Library/Application Support/net.metaquotes.wine.metatrader5/drive_c/Program Files/MetaTrader 5/MQL5/Files/xauusd_stage134_demo_executor_status_kv.csv",
  "trade_log": "/Users/vahid/Library/Application Support/net.metaquotes.wine.metatrader5/drive_c/Program Files/MetaTrader 5/MQL5/Files/xauusd_stage134_demo_executor_trade_log.csv",
  "status_format": "PIPE",
  "snapshot_utc": "2026-07-01T00:23:40Z",
  "status_exists": true,
  "status_fresh": true,
  "status_age_sec": 3.93,
  "decision": "BLOCKED_SIGNAL_STALE",
  "reason": "Stage133 rule-state telemetry is stale or missing",
  "demo_orders_enabled": "true",
  "require_demo_account": "true",
  "account_mode": "DEMO",
  "demo_account_ok": "true",
  "terminal_trade_allowed": "true",
  "mql_trade_allowed": "true",
  "account_trade_allowed": "true",
  "selected_rule_id": "",
  "feature_date": "2026-06-26",
  "any_signal_active": "false",
  "active_rule_count": "0",
  "signal_fresh": "false",
  "signal_age_sec": "1579",
  "spread_ok": "true",
  "spread_points": "42",
  "open_positions": "0",
  "max_open_positions": "1",
  "lot": "0.01",
  "order_attempted": "false",
  "last_retcode": "",
  "last_retcode_description": "",
  "trade_log_rows": 0,
  "trade_attempts": 0,
  "trade_accepted": 0,
  "recent_trades": [],
  "latest_snapshot_csv": "/Users/vahid/Desktop/xauusd-trader/reports/stage134_demo_executor_pilot/stage134_latest_demo_executor_snapshot.csv",
  "history_csv": "/Users/vahid/Desktop/xauusd-trader/data/demo_execution/stage134_demo_executor_snapshots.csv",
  "risk_manifest_csv": "/Users/vahid/Desktop/xauusd-trader/reports/stage134_demo_executor_pilot/stage134_demo_risk_manifest.csv",
  "status_kv_repo": "/Users/vahid/Desktop/xauusd-trader/data/demo_execution/stage134_demo_executor_collector_status_kv.csv",
  "status_kv_report": "/Users/vahid/Desktop/xauusd-trader/reports/stage134_demo_executor_pilot/stage134_demo_executor_collector_status_kv.csv",
  "mt5_collector_status_kv": "/Users/vahid/Library/Application Support/net.metaquotes.wine.metatrader5/drive_c/Program Files/MetaTrader 5/MQL5/Files/xauusd_stage134_demo_executor_collector_status_kv.csv",
  "summary_json": "/Users/vahid/Desktop/xauusd-trader/reports/stage134_demo_executor_pilot/stage134_demo_executor_pilot_summary.json",
  "report_md": "/Users/vahid/Desktop/xauusd-trader/reports/stage134_demo_executor_pilot/stage134_demo_executor_pilot_report.md",
  "next": [
    "Compile XAUUSD_Stage134_DemoExecutorPilot_EA in MetaEditor and attach it to XAUUSD,H1 demo chart.",
    "Set InpEnableDemoOrders=true only on demo account when ready to arm demo execution.",
    "When a Stage133 selected rule becomes active, collect retcode/fill/PnL from demo logs."
  ]
}
{
  "stage": "Stage134_DEMO_EXECUTOR_PILOT_COLLECTOR",
  "generated_utc": "2026-07-01T03:46:29Z",
  "status": "STAGE134_COMPLETE_DEMO_EXECUTOR_PILOT_COLLECTOR_READY",
  "collector_decision": "STAGE134_DEMO_EXECUTOR_RUNNING_WAIT_FOR_ACTIVE_SIGNAL",
  "root": "/Users/vahid/Desktop/xauusd-trader",
  "mt5_files": "/Users/vahid/Library/Application Support/net.metaquotes.wine.metatrader5/drive_c/Program Files/MetaTrader 5/MQL5/Files",
  "mt5_experts": "/Users/vahid/Library/Application Support/net.metaquotes.wine.metatrader5/drive_c/Program Files/MetaTrader 5/MQL5/Experts/Advisors/XAUUSD",
  "ea_name": "XAUUSD_Stage134_DemoExecutorPilot_EA.mq5",
  "installed_to": "",
  "status_kv": "/Users/vahid/Library/Application Support/net.metaquotes.wine.metatrader5/drive_c/Program Files/MetaTrader 5/MQL5/Files/xauusd_stage134_demo_executor_status_kv.csv",
  "trade_log": "/Users/vahid/Library/Application Support/net.metaquotes.wine.metatrader5/drive_c/Program Files/MetaTrader 5/MQL5/Files/xauusd_stage134_demo_executor_trade_log.csv",
  "status_format": "PIPE",
  "snapshot_utc": "2026-07-01T03:46:29Z",
  "status_exists": true,
  "status_fresh": true,
  "status_age_sec": 8.28,
  "decision": "BLOCKED_SIGNAL_STALE",
  "reason": "Stage133 rule-state telemetry is stale or missing",
  "demo_orders_enabled": "true",
  "require_demo_account": "true",
  "account_mode": "DEMO",
  "demo_account_ok": "true",
  "terminal_trade_allowed": "true",
  "mql_trade_allowed": "true",
  "account_trade_allowed": "true",
  "selected_rule_id": "",
  "feature_date": "2026-06-26",
  "any_signal_active": "false",
  "active_rule_count": "0",
  "signal_fresh": "false",
  "signal_age_sec": "13744",
  "spread_ok": "true",
  "spread_points": "42",
  "open_positions": "0",
  "max_open_positions": "1",
  "lot": "0.01",
  "order_attempted": "false",
  "last_retcode": "",
  "last_retcode_description": "",
  "trade_log_rows": 0,
  "trade_attempts": 0,
  "trade_accepted": 0,
  "recent_trades": [],
  "latest_snapshot_csv": "/Users/vahid/Desktop/xauusd-trader/reports/stage134_demo_executor_pilot/stage134_latest_demo_executor_snapshot.csv",
  "history_csv": "/Users/vahid/Desktop/xauusd-trader/data/demo_execution/stage134_demo_executor_snapshots.csv",
  "risk_manifest_csv": "/Users/vahid/Desktop/xauusd-trader/reports/stage134_demo_executor_pilot/stage134_demo_risk_manifest.csv",
  "status_kv_repo": "/Users/vahid/Desktop/xauusd-trader/data/demo_execution/stage134_demo_executor_collector_status_kv.csv",
  "status_kv_report": "/Users/vahid/Desktop/xauusd-trader/reports/stage134_demo_executor_pilot/stage134_demo_executor_collector_status_kv.csv",
  "mt5_collector_status_kv": "/Users/vahid/Library/Application Support/net.metaquotes.wine.metatrader5/drive_c/Program Files/MetaTrader 5/MQL5/Files/xauusd_stage134_demo_executor_collector_status_kv.csv",
  "summary_json": "/Users/vahid/Desktop/xauusd-trader/reports/stage134_demo_executor_pilot/stage134_demo_executor_pilot_summary.json",
  "report_md": "/Users/vahid/Desktop/xauusd-trader/reports/stage134_demo_executor_pilot/stage134_demo_executor_pilot_report.md",
  "next": [
    "Compile XAUUSD_Stage134_DemoExecutorPilot_EA in MetaEditor and attach it to XAUUSD,H1 demo chart.",
    "Set InpEnableDemoOrders=true only on demo account when ready to arm demo execution.",
    "When a Stage133 selected rule becomes active, collect retcode/fill/PnL from demo logs."
  ]
}
{
  "stage": "Stage134_DEMO_EXECUTOR_PILOT_COLLECTOR",
  "generated_utc": "2026-07-01T04:27:41Z",
  "status": "STAGE134_COMPLETE_DEMO_EXECUTOR_PILOT_COLLECTOR_READY",
  "collector_decision": "STAGE134_DEMO_EXECUTOR_RUNNING_WAIT_FOR_ACTIVE_SIGNAL",
  "root": "/Users/vahid/Desktop/xauusd-trader",
  "mt5_files": "/Users/vahid/Library/Application Support/net.metaquotes.wine.metatrader5/drive_c/Program Files/MetaTrader 5/MQL5/Files",
  "mt5_experts": "/Users/vahid/Library/Application Support/net.metaquotes.wine.metatrader5/drive_c/Program Files/MetaTrader 5/MQL5/Experts/Advisors/XAUUSD",
  "ea_name": "XAUUSD_Stage134_DemoExecutorPilot_EA.mq5",
  "installed_to": "",
  "status_kv": "/Users/vahid/Library/Application Support/net.metaquotes.wine.metatrader5/drive_c/Program Files/MetaTrader 5/MQL5/Files/xauusd_stage134_demo_executor_status_kv.csv",
  "trade_log": "/Users/vahid/Library/Application Support/net.metaquotes.wine.metatrader5/drive_c/Program Files/MetaTrader 5/MQL5/Files/xauusd_stage134_demo_executor_trade_log.csv",
  "status_format": "PIPE",
  "snapshot_utc": "2026-07-01T04:27:41Z",
  "status_exists": true,
  "status_fresh": true,
  "status_age_sec": 17.98,
  "decision": "BLOCKED_SIGNAL_STALE",
  "reason": "Stage133 rule-state telemetry is stale or missing",
  "demo_orders_enabled": "true",
  "require_demo_account": "true",
  "account_mode": "DEMO",
  "demo_account_ok": "true",
  "terminal_trade_allowed": "true",
  "mql_trade_allowed": "true",
  "account_trade_allowed": "true",
  "selected_rule_id": "",
  "feature_date": "2026-06-26",
  "any_signal_active": "false",
  "active_rule_count": "0",
  "signal_fresh": "false",
  "signal_age_sec": "16206",
  "spread_ok": "true",
  "spread_points": "42",
  "open_positions": "0",
  "max_open_positions": "1",
  "lot": "0.01",
  "order_attempted": "false",
  "last_retcode": "",
  "last_retcode_description": "",
  "trade_log_rows": 0,
  "trade_attempts": 0,
  "trade_accepted": 0,
  "recent_trades": [],
  "latest_snapshot_csv": "/Users/vahid/Desktop/xauusd-trader/reports/stage134_demo_executor_pilot/stage134_latest_demo_executor_snapshot.csv",
  "history_csv": "/Users/vahid/Desktop/xauusd-trader/data/demo_execution/stage134_demo_executor_snapshots.csv",
  "risk_manifest_csv": "/Users/vahid/Desktop/xauusd-trader/reports/stage134_demo_executor_pilot/stage134_demo_risk_manifest.csv",
  "status_kv_repo": "/Users/vahid/Desktop/xauusd-trader/data/demo_execution/stage134_demo_executor_collector_status_kv.csv",
  "status_kv_report": "/Users/vahid/Desktop/xauusd-trader/reports/stage134_demo_executor_pilot/stage134_demo_executor_collector_status_kv.csv",
  "mt5_collector_status_kv": "/Users/vahid/Library/Application Support/net.metaquotes.wine.metatrader5/drive_c/Program Files/MetaTrader 5/MQL5/Files/xauusd_stage134_demo_executor_collector_status_kv.csv",
  "summary_json": "/Users/vahid/Desktop/xauusd-trader/reports/stage134_demo_executor_pilot/stage134_demo_executor_pilot_summary.json",
  "report_md": "/Users/vahid/Desktop/xauusd-trader/reports/stage134_demo_executor_pilot/stage134_demo_executor_pilot_report.md",
  "next": [
    "Compile XAUUSD_Stage134_DemoExecutorPilot_EA in MetaEditor and attach it to XAUUSD,H1 demo chart.",
    "Set InpEnableDemoOrders=true only on demo account when ready to arm demo execution.",
    "When a Stage133 selected rule becomes active, collect retcode/fill/PnL from demo logs."
  ]
}
