{
  "stage": "Stage138_BROKER_TECHNICAL_DEMO_DISCOVERY",
  "generated_utc": "2026-07-01T11:03:42Z",
  "status": "STAGE138B_COMPLETE_MT5_EXPORT_PARSER_HOTFIX_READY",
  "decision": "STAGE138_DEMO_TECHNICAL_RULE_READY_POINT_STAGE134_TO_STAGE138_FILE",
  "root": "/Users/vahid/Desktop/xauusd-trader",
  "bars_path": "/Users/vahid/Downloads/xauusd_fundamental_event_inbox/amarkets_xauusd_1h.csv",
  "raw_row_count": 26501,
  "bar_count": 26501,
  "bar_min_utc": "2022-01-03T01:00:00+00:00",
  "bar_max_utc": "2026-07-01T11:00:00+00:00",
  "horizon_hours": 24,
  "candidate_rows": 1872,
  "pass_count": 1362,
  "current_active_pass_count": 389,
  "selected_rule_id": "D138C_trend_20_50_bps_LEQ35__range_pos_24_LEQ35",
  "selected_label": "trend_20_50_bps <= q35 AND range_pos_24 <= q35",
  "selected_score": {
    "rule_id": "D138C_trend_20_50_bps_LEQ35__range_pos_24_LEQ35",
    "label": "trend_20_50_bps <= q35 AND range_pos_24 <= q35",
    "gate": "PASS",
    "current_active": true,
    "conditions_json": "[{\"current\": -26.541349324897823, \"feature\": \"trend_20_50_bps\", \"op\": \"<=\", \"threshold\": -11.621085215696604}, {\"current\": 0.1637138154710026, \"feature\": \"range_pos_24\", \"op\": \"<=\", \"threshold\": 0.3597707502742802}]",
    "selection_events": 3124,
    "selection_mean_bps": 8.8636,
    "selection_hit_rate": 0.5487,
    "validation_events": 837,
    "validation_mean_bps": 24.3196,
    "validation_hit_rate": 0.6284,
    "tail_events": 855,
    "tail_mean_bps": 4.2541,
    "tail_hit_rate": 0.5825
  },
  "score_csv": "/Users/vahid/Desktop/xauusd-trader/reports/stage138_broker_technical_demo_discovery/stage138_candidate_scores.csv",
  "repo_kv": "/Users/vahid/Desktop/xauusd-trader/data/demo_execution/xauusd_stage138_technical_rule_state_kv.csv",
  "repo_latest": "/Users/vahid/Desktop/xauusd-trader/data/demo_execution/xauusd_stage138_technical_rule_state_latest.csv",
  "mt5_kv_written": true,
  "mt5_kv": "/Users/vahid/Library/Application Support/net.metaquotes.wine.metatrader5/drive_c/Program Files/MetaTrader 5/MQL5/Files/xauusd_stage138_technical_rule_state_kv.csv",
  "mt5_latest": "/Users/vahid/Library/Application Support/net.metaquotes.wine.metatrader5/drive_c/Program Files/MetaTrader 5/MQL5/Files/xauusd_stage138_technical_rule_state_latest.csv",
  "stage134_instruction": {
    "InpRuleStateKvFile": "xauusd_stage138_technical_rule_state_kv.csv",
    "InpAllowedRules": "D138C_trend_20_50_bps_LEQ35__range_pos_24_LEQ35",
    "keep_InpEnableDemoOrders": "true only on demo account",
    "restore_after_probe": "xauusd_stage133_unified_observer_rule_state_kv.csv"
  },
  "summary_json": "/Users/vahid/Desktop/xauusd-trader/reports/stage138_broker_technical_demo_discovery/stage138_broker_technical_demo_discovery_summary.json",
  "next": [
    "If selected_rule_id is non-empty, point Stage134 InpRuleStateKvFile to xauusd_stage138_technical_rule_state_kv.csv and InpAllowedRules to selected_rule_id.",
    "If selected_rule_id is empty, move to thesis-family generator or rerun with M15/M5 bars; do not build more telemetry."
  ]
}
{
  "stage": "Stage138_BROKER_TECHNICAL_DEMO_DISCOVERY",
  "generated_utc": "2026-07-01T11:22:18Z",
  "status": "STAGE138B_COMPLETE_MT5_EXPORT_PARSER_HOTFIX_READY",
  "decision": "STAGE138_DEMO_TECHNICAL_RULE_READY_POINT_STAGE134_TO_STAGE138_FILE",
  "root": "/Users/vahid/Desktop/xauusd-trader",
  "bars_path": "/Users/vahid/Downloads/xauusd_fundamental_event_inbox/amarkets_xauusd_1h.csv",
  "raw_row_count": 26501,
  "bar_count": 26501,
  "bar_min_utc": "2022-01-03T01:00:00+00:00",
  "bar_max_utc": "2026-07-01T11:00:00+00:00",
  "horizon_hours": 24,
  "candidate_rows": 1872,
  "pass_count": 1362,
  "current_active_pass_count": 389,
  "selected_rule_id": "D138C_trend_20_50_bps_LEQ35__range_pos_24_LEQ35",
  "selected_label": "trend_20_50_bps <= q35 AND range_pos_24 <= q35",
  "selected_score": {
    "rule_id": "D138C_trend_20_50_bps_LEQ35__range_pos_24_LEQ35",
    "label": "trend_20_50_bps <= q35 AND range_pos_24 <= q35",
    "gate": "PASS",
    "current_active": true,
    "conditions_json": "[{\"current\": -26.541349324897823, \"feature\": \"trend_20_50_bps\", \"op\": \"<=\", \"threshold\": -11.621085215696604}, {\"current\": 0.1637138154710026, \"feature\": \"range_pos_24\", \"op\": \"<=\", \"threshold\": 0.3597707502742802}]",
    "selection_events": 3124,
    "selection_mean_bps": 8.8636,
    "selection_hit_rate": 0.5487,
    "validation_events": 837,
    "validation_mean_bps": 24.3196,
    "validation_hit_rate": 0.6284,
    "tail_events": 855,
    "tail_mean_bps": 4.2541,
    "tail_hit_rate": 0.5825
  },
  "score_csv": "/Users/vahid/Desktop/xauusd-trader/reports/stage138_broker_technical_demo_discovery/stage138_candidate_scores.csv",
  "repo_kv": "/Users/vahid/Desktop/xauusd-trader/data/demo_execution/xauusd_stage138_technical_rule_state_kv.csv",
  "repo_latest": "/Users/vahid/Desktop/xauusd-trader/data/demo_execution/xauusd_stage138_technical_rule_state_latest.csv",
  "mt5_kv_written": true,
  "mt5_kv": "/Users/vahid/Library/Application Support/net.metaquotes.wine.metatrader5/drive_c/Program Files/MetaTrader 5/MQL5/Files/xauusd_stage138_technical_rule_state_kv.csv",
  "mt5_latest": "/Users/vahid/Library/Application Support/net.metaquotes.wine.metatrader5/drive_c/Program Files/MetaTrader 5/MQL5/Files/xauusd_stage138_technical_rule_state_latest.csv",
  "stage134_instruction": {
    "InpRuleStateKvFile": "xauusd_stage138_technical_rule_state_kv.csv",
    "InpAllowedRules": "D138C_trend_20_50_bps_LEQ35__range_pos_24_LEQ35",
    "keep_InpEnableDemoOrders": "true only on demo account",
    "restore_after_probe": "xauusd_stage133_unified_observer_rule_state_kv.csv"
  },
  "summary_json": "/Users/vahid/Desktop/xauusd-trader/reports/stage138_broker_technical_demo_discovery/stage138_broker_technical_demo_discovery_summary.json",
  "next": [
    "If selected_rule_id is non-empty, point Stage134 InpRuleStateKvFile to xauusd_stage138_technical_rule_state_kv.csv and InpAllowedRules to selected_rule_id.",
    "If selected_rule_id is empty, move to thesis-family generator or rerun with M15/M5 bars; do not build more telemetry."
  ]
}
{
  "stage": "Stage138_BROKER_TECHNICAL_DEMO_DISCOVERY",
  "generated_utc": "2026-07-01T11:44:04Z",
  "status": "STAGE138B_COMPLETE_MT5_EXPORT_PARSER_HOTFIX_READY",
  "decision": "STAGE138_DEMO_TECHNICAL_RULE_READY_POINT_STAGE134_TO_STAGE138_FILE",
  "root": "/Users/vahid/Desktop/xauusd-trader",
  "bars_path": "/Users/vahid/Downloads/xauusd_fundamental_event_inbox/amarkets_xauusd_1h.csv",
  "raw_row_count": 26501,
  "bar_count": 26501,
  "bar_min_utc": "2022-01-03T01:00:00+00:00",
  "bar_max_utc": "2026-07-01T11:00:00+00:00",
  "horizon_hours": 24,
  "candidate_rows": 1872,
  "pass_count": 1362,
  "current_active_pass_count": 389,
  "selected_rule_id": "D138C_trend_20_50_bps_LEQ35__range_pos_24_LEQ35",
  "selected_label": "trend_20_50_bps <= q35 AND range_pos_24 <= q35",
  "selected_score": {
    "rule_id": "D138C_trend_20_50_bps_LEQ35__range_pos_24_LEQ35",
    "label": "trend_20_50_bps <= q35 AND range_pos_24 <= q35",
    "gate": "PASS",
    "current_active": true,
    "conditions_json": "[{\"current\": -26.541349324897823, \"feature\": \"trend_20_50_bps\", \"op\": \"<=\", \"threshold\": -11.621085215696604}, {\"current\": 0.1637138154710026, \"feature\": \"range_pos_24\", \"op\": \"<=\", \"threshold\": 0.3597707502742802}]",
    "selection_events": 3124,
    "selection_mean_bps": 8.8636,
    "selection_hit_rate": 0.5487,
    "validation_events": 837,
    "validation_mean_bps": 24.3196,
    "validation_hit_rate": 0.6284,
    "tail_events": 855,
    "tail_mean_bps": 4.2541,
    "tail_hit_rate": 0.5825
  },
  "score_csv": "/Users/vahid/Desktop/xauusd-trader/reports/stage138_broker_technical_demo_discovery/stage138_candidate_scores.csv",
  "repo_kv": "/Users/vahid/Desktop/xauusd-trader/data/demo_execution/xauusd_stage138_technical_rule_state_kv.csv",
  "repo_latest": "/Users/vahid/Desktop/xauusd-trader/data/demo_execution/xauusd_stage138_technical_rule_state_latest.csv",
  "mt5_kv_written": true,
  "mt5_kv": "/Users/vahid/Library/Application Support/net.metaquotes.wine.metatrader5/drive_c/Program Files/MetaTrader 5/MQL5/Files/xauusd_stage138_technical_rule_state_kv.csv",
  "mt5_latest": "/Users/vahid/Library/Application Support/net.metaquotes.wine.metatrader5/drive_c/Program Files/MetaTrader 5/MQL5/Files/xauusd_stage138_technical_rule_state_latest.csv",
  "stage134_instruction": {
    "InpRuleStateKvFile": "xauusd_stage138_technical_rule_state_kv.csv",
    "InpAllowedRules": "D138C_trend_20_50_bps_LEQ35__range_pos_24_LEQ35",
    "keep_InpEnableDemoOrders": "true only on demo account",
    "restore_after_probe": "xauusd_stage133_unified_observer_rule_state_kv.csv"
  },
  "summary_json": "/Users/vahid/Desktop/xauusd-trader/reports/stage138_broker_technical_demo_discovery/stage138_broker_technical_demo_discovery_summary.json",
  "next": [
    "If selected_rule_id is non-empty, point Stage134 InpRuleStateKvFile to xauusd_stage138_technical_rule_state_kv.csv and InpAllowedRules to selected_rule_id.",
    "If selected_rule_id is empty, move to thesis-family generator or rerun with M15/M5 bars; do not build more telemetry."
  ]
}
{
  "stage": "Stage138_BROKER_TECHNICAL_DEMO_DISCOVERY",
  "generated_utc": "2026-07-01T12:00:19Z",
  "status": "STAGE138B_COMPLETE_MT5_EXPORT_PARSER_HOTFIX_READY",
  "decision": "STAGE138_DEMO_TECHNICAL_RULE_READY_POINT_STAGE134_TO_STAGE138_FILE",
  "root": "/Users/vahid/Desktop/xauusd-trader",
  "bars_path": "/Users/vahid/Downloads/xauusd_fundamental_event_inbox/amarkets_xauusd_1h.csv",
  "raw_row_count": 26501,
  "bar_count": 26501,
  "bar_min_utc": "2022-01-03T01:00:00+00:00",
  "bar_max_utc": "2026-07-01T11:00:00+00:00",
  "horizon_hours": 24,
  "candidate_rows": 1872,
  "pass_count": 1362,
  "current_active_pass_count": 389,
  "selected_rule_id": "D138C_trend_20_50_bps_LEQ35__range_pos_24_LEQ35",
  "selected_label": "trend_20_50_bps <= q35 AND range_pos_24 <= q35",
  "selected_score": {
    "rule_id": "D138C_trend_20_50_bps_LEQ35__range_pos_24_LEQ35",
    "label": "trend_20_50_bps <= q35 AND range_pos_24 <= q35",
    "gate": "PASS",
    "current_active": true,
    "conditions_json": "[{\"current\": -26.541349324897823, \"feature\": \"trend_20_50_bps\", \"op\": \"<=\", \"threshold\": -11.621085215696604}, {\"current\": 0.1637138154710026, \"feature\": \"range_pos_24\", \"op\": \"<=\", \"threshold\": 0.3597707502742802}]",
    "selection_events": 3124,
    "selection_mean_bps": 8.8636,
    "selection_hit_rate": 0.5487,
    "validation_events": 837,
    "validation_mean_bps": 24.3196,
    "validation_hit_rate": 0.6284,
    "tail_events": 855,
    "tail_mean_bps": 4.2541,
    "tail_hit_rate": 0.5825
  },
  "score_csv": "/Users/vahid/Desktop/xauusd-trader/reports/stage138_broker_technical_demo_discovery/stage138_candidate_scores.csv",
  "repo_kv": "/Users/vahid/Desktop/xauusd-trader/data/demo_execution/xauusd_stage138_technical_rule_state_kv.csv",
  "repo_latest": "/Users/vahid/Desktop/xauusd-trader/data/demo_execution/xauusd_stage138_technical_rule_state_latest.csv",
  "mt5_kv_written": true,
  "mt5_kv": "/Users/vahid/Library/Application Support/net.metaquotes.wine.metatrader5/drive_c/Program Files/MetaTrader 5/MQL5/Files/xauusd_stage138_technical_rule_state_kv.csv",
  "mt5_latest": "/Users/vahid/Library/Application Support/net.metaquotes.wine.metatrader5/drive_c/Program Files/MetaTrader 5/MQL5/Files/xauusd_stage138_technical_rule_state_latest.csv",
  "stage134_instruction": {
    "InpRuleStateKvFile": "xauusd_stage138_technical_rule_state_kv.csv",
    "InpAllowedRules": "D138C_trend_20_50_bps_LEQ35__range_pos_24_LEQ35",
    "keep_InpEnableDemoOrders": "true only on demo account",
    "restore_after_probe": "xauusd_stage133_unified_observer_rule_state_kv.csv"
  },
  "summary_json": "/Users/vahid/Desktop/xauusd-trader/reports/stage138_broker_technical_demo_discovery/stage138_broker_technical_demo_discovery_summary.json",
  "next": [
    "If selected_rule_id is non-empty, point Stage134 InpRuleStateKvFile to xauusd_stage138_technical_rule_state_kv.csv and InpAllowedRules to selected_rule_id.",
    "If selected_rule_id is empty, move to thesis-family generator or rerun with M15/M5 bars; do not build more telemetry."
  ]
}
{
  "stage": "Stage138_BROKER_TECHNICAL_DEMO_DISCOVERY",
  "generated_utc": "2026-07-01T12:19:02Z",
  "status": "STAGE138B_COMPLETE_MT5_EXPORT_PARSER_HOTFIX_READY",
  "decision": "STAGE138_DEMO_TECHNICAL_RULE_READY_POINT_STAGE134_TO_STAGE138_FILE",
  "root": "/Users/vahid/Desktop/xauusd-trader",
  "bars_path": "/Users/vahid/Downloads/xauusd_fundamental_event_inbox/amarkets_xauusd_1h.csv",
  "raw_row_count": 26501,
  "bar_count": 26501,
  "bar_min_utc": "2022-01-03T01:00:00+00:00",
  "bar_max_utc": "2026-07-01T11:00:00+00:00",
  "horizon_hours": 24,
  "candidate_rows": 1872,
  "pass_count": 1362,
  "current_active_pass_count": 389,
  "selected_rule_id": "D138C_trend_20_50_bps_LEQ35__range_pos_24_LEQ35",
  "selected_label": "trend_20_50_bps <= q35 AND range_pos_24 <= q35",
  "selected_score": {
    "rule_id": "D138C_trend_20_50_bps_LEQ35__range_pos_24_LEQ35",
    "label": "trend_20_50_bps <= q35 AND range_pos_24 <= q35",
    "gate": "PASS",
    "current_active": true,
    "conditions_json": "[{\"current\": -26.541349324897823, \"feature\": \"trend_20_50_bps\", \"op\": \"<=\", \"threshold\": -11.621085215696604}, {\"current\": 0.1637138154710026, \"feature\": \"range_pos_24\", \"op\": \"<=\", \"threshold\": 0.3597707502742802}]",
    "selection_events": 3124,
    "selection_mean_bps": 8.8636,
    "selection_hit_rate": 0.5487,
    "validation_events": 837,
    "validation_mean_bps": 24.3196,
    "validation_hit_rate": 0.6284,
    "tail_events": 855,
    "tail_mean_bps": 4.2541,
    "tail_hit_rate": 0.5825
  },
  "score_csv": "/Users/vahid/Desktop/xauusd-trader/reports/stage138_broker_technical_demo_discovery/stage138_candidate_scores.csv",
  "repo_kv": "/Users/vahid/Desktop/xauusd-trader/data/demo_execution/xauusd_stage138_technical_rule_state_kv.csv",
  "repo_latest": "/Users/vahid/Desktop/xauusd-trader/data/demo_execution/xauusd_stage138_technical_rule_state_latest.csv",
  "mt5_kv_written": true,
  "mt5_kv": "/Users/vahid/Library/Application Support/net.metaquotes.wine.metatrader5/drive_c/Program Files/MetaTrader 5/MQL5/Files/xauusd_stage138_technical_rule_state_kv.csv",
  "mt5_latest": "/Users/vahid/Library/Application Support/net.metaquotes.wine.metatrader5/drive_c/Program Files/MetaTrader 5/MQL5/Files/xauusd_stage138_technical_rule_state_latest.csv",
  "stage134_instruction": {
    "InpRuleStateKvFile": "xauusd_stage138_technical_rule_state_kv.csv",
    "InpAllowedRules": "D138C_trend_20_50_bps_LEQ35__range_pos_24_LEQ35",
    "keep_InpEnableDemoOrders": "true only on demo account",
    "restore_after_probe": "xauusd_stage133_unified_observer_rule_state_kv.csv"
  },
  "summary_json": "/Users/vahid/Desktop/xauusd-trader/reports/stage138_broker_technical_demo_discovery/stage138_broker_technical_demo_discovery_summary.json",
  "next": [
    "If selected_rule_id is non-empty, point Stage134 InpRuleStateKvFile to xauusd_stage138_technical_rule_state_kv.csv and InpAllowedRules to selected_rule_id.",
    "If selected_rule_id is empty, move to thesis-family generator or rerun with M15/M5 bars; do not build more telemetry."
  ]
}
{
  "stage": "Stage138_BROKER_TECHNICAL_DEMO_DISCOVERY",
  "generated_utc": "2026-07-01T12:34:20Z",
  "status": "STAGE138B_COMPLETE_MT5_EXPORT_PARSER_HOTFIX_READY",
  "decision": "STAGE138_DEMO_TECHNICAL_RULE_READY_POINT_STAGE134_TO_STAGE138_FILE",
  "root": "/Users/vahid/Desktop/xauusd-trader",
  "bars_path": "/Users/vahid/Downloads/xauusd_fundamental_event_inbox/amarkets_xauusd_1h.csv",
  "raw_row_count": 26501,
  "bar_count": 26501,
  "bar_min_utc": "2022-01-03T01:00:00+00:00",
  "bar_max_utc": "2026-07-01T11:00:00+00:00",
  "horizon_hours": 24,
  "candidate_rows": 1872,
  "pass_count": 1362,
  "current_active_pass_count": 389,
  "selected_rule_id": "D138C_trend_20_50_bps_LEQ35__range_pos_24_LEQ35",
  "selected_label": "trend_20_50_bps <= q35 AND range_pos_24 <= q35",
  "selected_score": {
    "rule_id": "D138C_trend_20_50_bps_LEQ35__range_pos_24_LEQ35",
    "label": "trend_20_50_bps <= q35 AND range_pos_24 <= q35",
    "gate": "PASS",
    "current_active": true,
    "conditions_json": "[{\"current\": -26.541349324897823, \"feature\": \"trend_20_50_bps\", \"op\": \"<=\", \"threshold\": -11.621085215696604}, {\"current\": 0.1637138154710026, \"feature\": \"range_pos_24\", \"op\": \"<=\", \"threshold\": 0.3597707502742802}]",
    "selection_events": 3124,
    "selection_mean_bps": 8.8636,
    "selection_hit_rate": 0.5487,
    "validation_events": 837,
    "validation_mean_bps": 24.3196,
    "validation_hit_rate": 0.6284,
    "tail_events": 855,
    "tail_mean_bps": 4.2541,
    "tail_hit_rate": 0.5825
  },
  "score_csv": "/Users/vahid/Desktop/xauusd-trader/reports/stage138_broker_technical_demo_discovery/stage138_candidate_scores.csv",
  "repo_kv": "/Users/vahid/Desktop/xauusd-trader/data/demo_execution/xauusd_stage138_technical_rule_state_kv.csv",
  "repo_latest": "/Users/vahid/Desktop/xauusd-trader/data/demo_execution/xauusd_stage138_technical_rule_state_latest.csv",
  "mt5_kv_written": true,
  "mt5_kv": "/Users/vahid/Library/Application Support/net.metaquotes.wine.metatrader5/drive_c/Program Files/MetaTrader 5/MQL5/Files/xauusd_stage138_technical_rule_state_kv.csv",
  "mt5_latest": "/Users/vahid/Library/Application Support/net.metaquotes.wine.metatrader5/drive_c/Program Files/MetaTrader 5/MQL5/Files/xauusd_stage138_technical_rule_state_latest.csv",
  "stage134_instruction": {
    "InpRuleStateKvFile": "xauusd_stage138_technical_rule_state_kv.csv",
    "InpAllowedRules": "D138C_trend_20_50_bps_LEQ35__range_pos_24_LEQ35",
    "keep_InpEnableDemoOrders": "true only on demo account",
    "restore_after_probe": "xauusd_stage133_unified_observer_rule_state_kv.csv"
  },
  "summary_json": "/Users/vahid/Desktop/xauusd-trader/reports/stage138_broker_technical_demo_discovery/stage138_broker_technical_demo_discovery_summary.json",
  "next": [
    "If selected_rule_id is non-empty, point Stage134 InpRuleStateKvFile to xauusd_stage138_technical_rule_state_kv.csv and InpAllowedRules to selected_rule_id.",
    "If selected_rule_id is empty, move to thesis-family generator or rerun with M15/M5 bars; do not build more telemetry."
  ]
}
{
  "stage": "Stage138_BROKER_TECHNICAL_DEMO_DISCOVERY",
  "generated_utc": "2026-07-01T12:51:45Z",
  "status": "STAGE138B_COMPLETE_MT5_EXPORT_PARSER_HOTFIX_READY",
  "decision": "STAGE138_DEMO_TECHNICAL_RULE_READY_POINT_STAGE134_TO_STAGE138_FILE",
  "root": "/Users/vahid/Desktop/xauusd-trader",
  "bars_path": "/Users/vahid/Downloads/xauusd_fundamental_event_inbox/amarkets_xauusd_1h.csv",
  "raw_row_count": 26501,
  "bar_count": 26501,
  "bar_min_utc": "2022-01-03T01:00:00+00:00",
  "bar_max_utc": "2026-07-01T11:00:00+00:00",
  "horizon_hours": 24,
  "candidate_rows": 1872,
  "pass_count": 1362,
  "current_active_pass_count": 389,
  "selected_rule_id": "D138C_trend_20_50_bps_LEQ35__range_pos_24_LEQ35",
  "selected_label": "trend_20_50_bps <= q35 AND range_pos_24 <= q35",
  "selected_score": {
    "rule_id": "D138C_trend_20_50_bps_LEQ35__range_pos_24_LEQ35",
    "label": "trend_20_50_bps <= q35 AND range_pos_24 <= q35",
    "gate": "PASS",
    "current_active": true,
    "conditions_json": "[{\"current\": -26.541349324897823, \"feature\": \"trend_20_50_bps\", \"op\": \"<=\", \"threshold\": -11.621085215696604}, {\"current\": 0.1637138154710026, \"feature\": \"range_pos_24\", \"op\": \"<=\", \"threshold\": 0.3597707502742802}]",
    "selection_events": 3124,
    "selection_mean_bps": 8.8636,
    "selection_hit_rate": 0.5487,
    "validation_events": 837,
    "validation_mean_bps": 24.3196,
    "validation_hit_rate": 0.6284,
    "tail_events": 855,
    "tail_mean_bps": 4.2541,
    "tail_hit_rate": 0.5825
  },
  "score_csv": "/Users/vahid/Desktop/xauusd-trader/reports/stage138_broker_technical_demo_discovery/stage138_candidate_scores.csv",
  "repo_kv": "/Users/vahid/Desktop/xauusd-trader/data/demo_execution/xauusd_stage138_technical_rule_state_kv.csv",
  "repo_latest": "/Users/vahid/Desktop/xauusd-trader/data/demo_execution/xauusd_stage138_technical_rule_state_latest.csv",
  "mt5_kv_written": true,
  "mt5_kv": "/Users/vahid/Library/Application Support/net.metaquotes.wine.metatrader5/drive_c/Program Files/MetaTrader 5/MQL5/Files/xauusd_stage138_technical_rule_state_kv.csv",
  "mt5_latest": "/Users/vahid/Library/Application Support/net.metaquotes.wine.metatrader5/drive_c/Program Files/MetaTrader 5/MQL5/Files/xauusd_stage138_technical_rule_state_latest.csv",
  "stage134_instruction": {
    "InpRuleStateKvFile": "xauusd_stage138_technical_rule_state_kv.csv",
    "InpAllowedRules": "D138C_trend_20_50_bps_LEQ35__range_pos_24_LEQ35",
    "keep_InpEnableDemoOrders": "true only on demo account",
    "restore_after_probe": "xauusd_stage133_unified_observer_rule_state_kv.csv"
  },
  "summary_json": "/Users/vahid/Desktop/xauusd-trader/reports/stage138_broker_technical_demo_discovery/stage138_broker_technical_demo_discovery_summary.json",
  "next": [
    "If selected_rule_id is non-empty, point Stage134 InpRuleStateKvFile to xauusd_stage138_technical_rule_state_kv.csv and InpAllowedRules to selected_rule_id.",
    "If selected_rule_id is empty, move to thesis-family generator or rerun with M15/M5 bars; do not build more telemetry."
  ]
}
