{
  "stage": "Stage142_DEMO_LOOP_SUPERVISOR",
  "generated_utc": "2026-07-01T19:37:00Z",
  "status": "STAGE142B_COMPLETE_FAST_DEMO_LOOP_SUPERVISOR_READY",
  "root": "/Users/vahid/Desktop/xauusd-trader",
  "dry_run": false,
  "with_stage138_refresh": true,
  "commands_run": 5,
  "command_failures": 1,
  "command_results": [
    {
      "name": "stage138_refresh",
      "cmd": [
        "/Library/Developer/CommandLineTools/usr/bin/python3",
        "app/stage138_broker_technical_demo_discovery.py",
        "--root",
        "/Users/vahid/Desktop/xauusd-trader",
        "--bars",
        "/Users/vahid/Downloads/xauusd_fundamental_event_inbox/amarkets_xauusd_1h.csv",
        "--horizon-hours",
        "24",
        "--min-events",
        "25",
        "--min-mean-bps",
        "2.0",
        "--min-hit",
        "0.51",
        "--write-mt5"
      ],
      "returncode": 124,
      "dry_run": false,
      "stdout_tail": "",
      "stderr_tail": "TIMEOUT"
    },
    {
      "name": "stage134_collector",
      "cmd": [
        "/Library/Developer/CommandLineTools/usr/bin/python3",
        "app/stage134_demo_executor_pilot_collector.py",
        "--root",
        "/Users/vahid/Desktop/xauusd-trader",
        "--write-mt5-status-kv"
      ],
      "returncode": 0,
      "dry_run": false,
      "stdout_tail": "ange_pos_24_LEQ35\",\n      \"rule_id\": \"D138C_trend_20_50_bps_LEQ35__range_pos_24_LEQ35\",\n      \"feature_date\": \"2026-07-01T11:00:00Z\",\n      \"lot\": \"0.01\",\n      \"price\": \"3997.84\",\n      \"sl\": \"3985.84\",\n      \"tp\": \"4015.84\",\n      \"ok\": \"true\",\n      \"retcode\": \"10009\",\n      \"retcode_description\": \"done at 3997.84\",\n      \"account_mode\": \"DEMO\",\n      \"demo_required\": \"true\",\n      \"demo_orders_enabled\": \"true\",\n      \"note\": \"stage134_demo_only_execution_pilot\"\n    }\n  ],\n  \"latest_snapshot_csv\": \"/Users/vahid/Desktop/xauusd-trader/reports/stage134_demo_executor_pilot/stage134_latest_demo_executor_snapshot.csv\",\n  \"history_csv\": \"/Users/vahid/Desktop/xauusd-trader/data/demo_execution/stage134_demo_executor_snapshots.csv\",\n  \"risk_manifest_csv\": \"/Users/vahid/Desktop/xauusd-trader/reports/stage134_demo_executor_pilot/stage134_demo_risk_manifest.csv\",\n  \"status_kv_repo\": \"/Users/vahid/Desktop/xauusd-trader/data/demo_execution/stage134_demo_executor_collector_status_kv.csv\",\n  \"status_kv_report\": \"/Users/vahid/Desktop/xauusd-trader/reports/stage134_demo_executor_pilot/stage134_demo_executor_collector_status_kv.csv\",\n  \"mt5_collector_status_kv\": \"/Users/vahid/Library/Application Support/net.metaquotes.wine.metatrader5/drive_c/Program Files/MetaTrader 5/MQL5/Files/xauusd_stage134_demo_executor_collector_status_kv.csv\",\n  \"summary_json\": \"/Users/vahid/Desktop/xauusd-trader/reports/stage134_demo_executor_pilot/stage134_demo_executor_pilot_summary.json\",\n  \"report_md\": \"/Users/vahid/Desktop/xauusd-trader/reports/stage134_demo_executor_pilot/stage134_demo_executor_pilot_report.md\",\n  \"next\": [\n    \"If collector_decision is STAGE134_DEMO_ORDER_ACCEPTED_COLLECT_PNL, inspect MT5 demo position and subsequent PnL.\",\n    \"If status_fresh remains false but trade_log shows accepted orders, use trade_log fields as execution source of truth.\",\n    \"Do not send a duplicate order for the same signal unless the existing demo position is closed or state is intentionally reset.\"\n  ]\n}\n",
      "stderr_tail": ""
    },
    {
      "name": "stage139_position_collector",
      "cmd": [
        "/Library/Developer/CommandLineTools/usr/bin/python3",
        "app/stage139_demo_position_outcome_collector.py",
        "--root",
        "/Users/vahid/Desktop/xauusd-trader",
        "--write-mt5-status-kv"
      ],
      "returncode": 0,
      "dry_run": false,
      "stdout_tail": "0.00\",\n  \"position_current_price\": \"0.00\",\n  \"position_sl\": \"0.00\",\n  \"position_tp\": \"0.00\",\n  \"position_profit\": \"0.00\",\n  \"position_swap\": \"0.00\",\n  \"position_commission\": \"0.00\",\n  \"position_magic\": \"0\",\n  \"position_comment\": \"\",\n  \"stage134_trade_attempts\": 1,\n  \"stage134_trade_accepted\": 1,\n  \"latest_stage134_rule_id\": \"D138C_trend_20_50_bps_LEQ35__range_pos_24_LEQ35\",\n  \"latest_stage134_signal_key\": \"2026-07-01T11:00:00Z|D138C_trend_20_50_bps_LEQ35__range_pos_24_LEQ35\",\n  \"latest_stage134_entry_price\": \"3997.84\",\n  \"latest_stage134_lot\": \"0.01\",\n  \"latest_stage134_retcode\": \"10009\",\n  \"latest_snapshot_csv\": \"/Users/vahid/Desktop/xauusd-trader/reports/stage139_demo_position_outcome_monitor/stage139_latest_position_outcome_snapshot.csv\",\n  \"history_csv\": \"/Users/vahid/Desktop/xauusd-trader/data/demo_execution/stage139_demo_position_outcome_snapshots.csv\",\n  \"risk_manifest_csv\": \"/Users/vahid/Desktop/xauusd-trader/reports/stage139_demo_position_outcome_monitor/stage139_risk_manifest.csv\",\n  \"status_kv_repo\": \"/Users/vahid/Desktop/xauusd-trader/data/demo_execution/stage139_position_outcome_collector_status_kv.csv\",\n  \"status_kv_report\": \"/Users/vahid/Desktop/xauusd-trader/reports/stage139_demo_position_outcome_monitor/stage139_position_outcome_collector_status_kv.csv\",\n  \"mt5_collector_status_kv\": \"/Users/vahid/Library/Application Support/net.metaquotes.wine.metatrader5/drive_c/Program Files/MetaTrader 5/MQL5/Files/xauusd_stage139_position_outcome_collector_status_kv.csv\",\n  \"summary_json\": \"/Users/vahid/Desktop/xauusd-trader/reports/stage139_demo_position_outcome_monitor/stage139_demo_position_outcome_monitor_summary.json\",\n  \"next\": [\n    \"If monitor is not confirmed, compile and attach Stage139_DemoPositionOutcomeMonitor indicator to the XAUUSD chart.\",\n    \"If an open demo position exists, keep monitoring floating PnL until SL/TP/time-exit/closure.\",\n    \"Do not duplicate the Stage134 order for the same signal while this position/outcome is unresolved.\"\n  ]\n}\n",
      "stderr_tail": ""
    },
    {
      "name": "stage140_closed_deal_collector",
      "cmd": [
        "/Library/Developer/CommandLineTools/usr/bin/python3",
        "app/stage140_demo_closed_deal_outcome_collector.py",
        "--root",
        "/Users/vahid/Desktop/xauusd-trader",
        "--write-mt5-status-kv"
      ],
      "returncode": 0,
      "dry_run": false,
      "stdout_tail": "40001\",\n      \"reason_code\": \"3\",\n      \"comment\": \"Stage134Demo|D138C_trend_20_50_\"\n    },\n    {\n      \"generated_utc\": \"2026-07-01T19:41:55Z\",\n      \"ticket\": \"226648654\",\n      \"time\": \"2026-07-01T14:11:10Z\",\n      \"symbol\": \"XAUUSD\",\n      \"position_id\": \"249663149\",\n      \"entry_code\": \"1\",\n      \"type_code\": \"1\",\n      \"volume\": \"0.01\",\n      \"price\": \"4015.88\",\n      \"profit\": \"18.04\",\n      \"swap\": \"0.00\",\n      \"commission\": \"0.00\",\n      \"magic\": \"1340001\",\n      \"reason_code\": \"5\",\n      \"comment\": \"[tp 4015.84]\"\n    }\n  ],\n  \"latest_snapshot_csv\": \"/Users/vahid/Desktop/xauusd-trader/reports/stage140_demo_closed_deal_outcome_monitor/stage140_latest_closed_deal_outcome_snapshot.csv\",\n  \"history_csv\": \"/Users/vahid/Desktop/xauusd-trader/data/demo_execution/stage140_demo_closed_deal_outcome_snapshots.csv\",\n  \"risk_manifest_csv\": \"/Users/vahid/Desktop/xauusd-trader/reports/stage140_demo_closed_deal_outcome_monitor/stage140_risk_manifest.csv\",\n  \"status_kv_repo\": \"/Users/vahid/Desktop/xauusd-trader/data/demo_execution/stage140_closed_deal_outcome_collector_status_kv.csv\",\n  \"status_kv_report\": \"/Users/vahid/Desktop/xauusd-trader/reports/stage140_demo_closed_deal_outcome_monitor/stage140_closed_deal_outcome_collector_status_kv.csv\",\n  \"mt5_collector_status_kv\": \"/Users/vahid/Library/Application Support/net.metaquotes.wine.metatrader5/drive_c/Program Files/MetaTrader 5/MQL5/Files/xauusd_stage140_closed_deal_outcome_collector_status_kv.csv\",\n  \"summary_json\": \"/Users/vahid/Desktop/xauusd-trader/reports/stage140_demo_closed_deal_outcome_monitor/stage140_demo_closed_deal_outcome_monitor_summary.json\",\n  \"next\": [\n    \"If collector_decision is a closed profit/loss/flat outcome, archive the first demo-order outcome and continue demo loop with duplicate control.\",\n    \"If entry is found but no exit deal, keep Stage139 position monitor active and wait for closure.\",\n    \"If no symbol deal is found, widen the MT5 history window or verify the account/history tab.\"\n  ]\n}\n",
      "stderr_tail": ""
    },
    {
      "name": "stage141_ledger",
      "cmd": [
        "/Library/Developer/CommandLineTools/usr/bin/python3",
        "app/stage141_demo_execution_outcome_ledger.py",
        "--root",
        "/Users/vahid/Desktop/xauusd-trader"
      ],
      "returncode": 0,
      "dry_run": false,
      "stdout_tail": "{\n  \"stage\": \"Stage141_DEMO_EXECUTION_OUTCOME_LEDGER\",\n  \"generated_utc\": \"2026-07-01T19:42:02Z\",\n  \"status\": \"STAGE141_COMPLETE_DEMO_EXECUTION_OUTCOME_LEDGER_READY\",\n  \"decision\": \"STAGE141_DEMO_OUTCOME_PROFIT_CONFIRMED_CONTINUE_LOOP\",\n  \"root\": \"/Users/vahid/Desktop/xauusd-trader\",\n  \"stage134_summary\": \"/Users/vahid/Desktop/xauusd-trader/reports/stage134_demo_executor_pilot/stage134_demo_executor_pilot_summary.json\",\n  \"stage138_summary\": \"/Users/vahid/Desktop/xauusd-trader/reports/stage138_broker_technical_demo_discovery/stage138_broker_technical_demo_discovery_summary.json\",\n  \"stage140_summary\": \"/Users/vahid/Desktop/xauusd-trader/reports/stage140_demo_closed_deal_outcome_monitor/stage140_demo_closed_deal_outcome_monitor_summary.json\",\n  \"outcome_status\": \"PROFIT\",\n  \"exit_reason_inferred\": \"TP\",\n  \"net_profit\": \"18.04\",\n  \"points_move\": \"18.04\",\n  \"bps_move\": \"45.12\",\n  \"rule_id\": \"D138C_trend_20_50_bps_LEQ35__range_pos_24_LEQ35\",\n  \"signal_key\": \"2026-07-01T11:00:00Z|D138C_trend_20_50_bps_LEQ35__range_pos_24_LEQ35\",\n  \"entry_price\": \"3997.84\",\n  \"exit_price\": \"4015.88\",\n  \"entry_deal_ticket\": \"226639067\",\n  \"exit_deal_ticket\": \"226648654\",\n  \"ledger_csv\": \"/Users/vahid/Desktop/xauusd-trader/data/demo_execution/stage141_demo_execution_outcome_ledger.csv\",\n  \"latest_csv\": \"/Users/vahid/Desktop/xauusd-trader/reports/stage141_demo_execution_outcome_ledger/stage141_latest_demo_execution_outcome.csv\",\n  \"ledger_row_appended\": false,\n  \"ledger_row_count\": 1,\n  \"next_action\": \"CONTINUE_DEMO_LOOP_ALLOW_NEXT_DISTINCT_SIGNAL\",\n  \"next\": [\n    \"Keep Stage138 refresh running and keep Stage134 duplicate guard enabled.\",\n    \"Allow the next demo order only on a distinct new signal key, not the already closed signal.\",\n    \"After several outcomes, evaluate rule expectancy from the Stage141 ledger before live-real consideration.\"\n  ]\n}\n",
      "stderr_tail": ""
    }
  ],
  "loop_health": "WARN_COMMAND_FAILURES_REVIEW_LOG",
  "loop_decision": "STAGE142_LOOP_READY_FOR_NEXT_DISTINCT_SIGNAL_AFTER_PROFIT",
  "next_action": "KEEP_STAGE134_ARMED_WAIT_FOR_NEXT_DISTINCT_SIGNAL",
  "stage138_selected_rule_id": "D138C_trend_20_50_bps_LEQ35__range_pos_24_LEQ35",
  "stage138_bar_max_utc": "2026-07-01T11:00:00+00:00",
  "stage134_collector_decision": "STAGE134_DEMO_ORDER_ACCEPTED_COLLECT_PNL",
  "stage139_collector_decision": "STAGE139_NO_OPEN_POSITION_AFTER_ACCEPTED_ORDER_CHECK_HISTORY_OR_CLOSED",
  "stage140_collector_decision": "STAGE140_CLOSED_DEMO_DEAL_PROFIT",
  "stage141_decision": "STAGE141_DEMO_OUTCOME_PROFIT_CONFIRMED_CONTINUE_LOOP",
  "stage141_outcome_status": "PROFIT",
  "stage141_signal_key": "2026-07-01T11:00:00Z|D138C_trend_20_50_bps_LEQ35__range_pos_24_LEQ35",
  "stage141_net_profit": "18.04",
  "stage141_bps_move": "45.12",
  "stage141_ledger_row_count": 1,
  "latest_csv": "/Users/vahid/Desktop/xauusd-trader/reports/stage142_demo_loop_supervisor/stage142_latest_demo_loop_supervisor_snapshot.csv",
  "history_csv": "/Users/vahid/Desktop/xauusd-trader/data/demo_execution/stage142_demo_loop_supervisor_snapshots.csv",
  "risk_manifest_csv": "/Users/vahid/Desktop/xauusd-trader/reports/stage142_demo_loop_supervisor/stage142_risk_manifest.csv",
  "summary_json": "/Users/vahid/Desktop/xauusd-trader/reports/stage142_demo_loop_supervisor/stage142_demo_loop_supervisor_summary.json",
  "next": [
    "Keep Stage134 EA armed only on demo account.",
    "Run Stage142B fast loop every 10 minutes; run Stage138 refresh separately/manual or slower.",
    "Allow new orders only for distinct signal keys and ledger every closed outcome."
  ]
}
{
  "stage": "Stage142_DEMO_LOOP_SUPERVISOR",
  "generated_utc": "2026-07-01T21:26:40Z",
  "status": "STAGE142B_COMPLETE_FAST_DEMO_LOOP_SUPERVISOR_READY",
  "root": "/Users/vahid/Desktop/xauusd-trader",
  "dry_run": false,
  "with_stage138_refresh": true,
  "commands_run": 5,
  "command_failures": 1,
  "command_results": [
    {
      "name": "stage138_refresh",
      "cmd": [
        "/Library/Developer/CommandLineTools/usr/bin/python3",
        "app/stage138_broker_technical_demo_discovery.py",
        "--root",
        "/Users/vahid/Desktop/xauusd-trader",
        "--bars",
        "/Users/vahid/Downloads/xauusd_fundamental_event_inbox/amarkets_xauusd_1h.csv",
        "--horizon-hours",
        "24",
        "--min-events",
        "25",
        "--min-mean-bps",
        "2.0",
        "--min-hit",
        "0.51",
        "--write-mt5"
      ],
      "returncode": 124,
      "dry_run": false,
      "stdout_tail": "",
      "stderr_tail": "TIMEOUT"
    },
    {
      "name": "stage134_collector",
      "cmd": [
        "/Library/Developer/CommandLineTools/usr/bin/python3",
        "app/stage134_demo_executor_pilot_collector.py",
        "--root",
        "/Users/vahid/Desktop/xauusd-trader",
        "--write-mt5-status-kv"
      ],
      "returncode": 0,
      "dry_run": false,
      "stdout_tail": "ange_pos_24_LEQ35\",\n      \"rule_id\": \"D138C_trend_20_50_bps_LEQ35__range_pos_24_LEQ35\",\n      \"feature_date\": \"2026-07-01T11:00:00Z\",\n      \"lot\": \"0.01\",\n      \"price\": \"3997.84\",\n      \"sl\": \"3985.84\",\n      \"tp\": \"4015.84\",\n      \"ok\": \"true\",\n      \"retcode\": \"10009\",\n      \"retcode_description\": \"done at 3997.84\",\n      \"account_mode\": \"DEMO\",\n      \"demo_required\": \"true\",\n      \"demo_orders_enabled\": \"true\",\n      \"note\": \"stage134_demo_only_execution_pilot\"\n    }\n  ],\n  \"latest_snapshot_csv\": \"/Users/vahid/Desktop/xauusd-trader/reports/stage134_demo_executor_pilot/stage134_latest_demo_executor_snapshot.csv\",\n  \"history_csv\": \"/Users/vahid/Desktop/xauusd-trader/data/demo_execution/stage134_demo_executor_snapshots.csv\",\n  \"risk_manifest_csv\": \"/Users/vahid/Desktop/xauusd-trader/reports/stage134_demo_executor_pilot/stage134_demo_risk_manifest.csv\",\n  \"status_kv_repo\": \"/Users/vahid/Desktop/xauusd-trader/data/demo_execution/stage134_demo_executor_collector_status_kv.csv\",\n  \"status_kv_report\": \"/Users/vahid/Desktop/xauusd-trader/reports/stage134_demo_executor_pilot/stage134_demo_executor_collector_status_kv.csv\",\n  \"mt5_collector_status_kv\": \"/Users/vahid/Library/Application Support/net.metaquotes.wine.metatrader5/drive_c/Program Files/MetaTrader 5/MQL5/Files/xauusd_stage134_demo_executor_collector_status_kv.csv\",\n  \"summary_json\": \"/Users/vahid/Desktop/xauusd-trader/reports/stage134_demo_executor_pilot/stage134_demo_executor_pilot_summary.json\",\n  \"report_md\": \"/Users/vahid/Desktop/xauusd-trader/reports/stage134_demo_executor_pilot/stage134_demo_executor_pilot_report.md\",\n  \"next\": [\n    \"If collector_decision is STAGE134_DEMO_ORDER_ACCEPTED_COLLECT_PNL, inspect MT5 demo position and subsequent PnL.\",\n    \"If status_fresh remains false but trade_log shows accepted orders, use trade_log fields as execution source of truth.\",\n    \"Do not send a duplicate order for the same signal unless the existing demo position is closed or state is intentionally reset.\"\n  ]\n}\n",
      "stderr_tail": ""
    },
    {
      "name": "stage139_position_collector",
      "cmd": [
        "/Library/Developer/CommandLineTools/usr/bin/python3",
        "app/stage139_demo_position_outcome_collector.py",
        "--root",
        "/Users/vahid/Desktop/xauusd-trader",
        "--write-mt5-status-kv"
      ],
      "returncode": 0,
      "dry_run": false,
      "stdout_tail": "0.00\",\n  \"position_current_price\": \"0.00\",\n  \"position_sl\": \"0.00\",\n  \"position_tp\": \"0.00\",\n  \"position_profit\": \"0.00\",\n  \"position_swap\": \"0.00\",\n  \"position_commission\": \"0.00\",\n  \"position_magic\": \"0\",\n  \"position_comment\": \"\",\n  \"stage134_trade_attempts\": 1,\n  \"stage134_trade_accepted\": 1,\n  \"latest_stage134_rule_id\": \"D138C_trend_20_50_bps_LEQ35__range_pos_24_LEQ35\",\n  \"latest_stage134_signal_key\": \"2026-07-01T11:00:00Z|D138C_trend_20_50_bps_LEQ35__range_pos_24_LEQ35\",\n  \"latest_stage134_entry_price\": \"3997.84\",\n  \"latest_stage134_lot\": \"0.01\",\n  \"latest_stage134_retcode\": \"10009\",\n  \"latest_snapshot_csv\": \"/Users/vahid/Desktop/xauusd-trader/reports/stage139_demo_position_outcome_monitor/stage139_latest_position_outcome_snapshot.csv\",\n  \"history_csv\": \"/Users/vahid/Desktop/xauusd-trader/data/demo_execution/stage139_demo_position_outcome_snapshots.csv\",\n  \"risk_manifest_csv\": \"/Users/vahid/Desktop/xauusd-trader/reports/stage139_demo_position_outcome_monitor/stage139_risk_manifest.csv\",\n  \"status_kv_repo\": \"/Users/vahid/Desktop/xauusd-trader/data/demo_execution/stage139_position_outcome_collector_status_kv.csv\",\n  \"status_kv_report\": \"/Users/vahid/Desktop/xauusd-trader/reports/stage139_demo_position_outcome_monitor/stage139_position_outcome_collector_status_kv.csv\",\n  \"mt5_collector_status_kv\": \"/Users/vahid/Library/Application Support/net.metaquotes.wine.metatrader5/drive_c/Program Files/MetaTrader 5/MQL5/Files/xauusd_stage139_position_outcome_collector_status_kv.csv\",\n  \"summary_json\": \"/Users/vahid/Desktop/xauusd-trader/reports/stage139_demo_position_outcome_monitor/stage139_demo_position_outcome_monitor_summary.json\",\n  \"next\": [\n    \"If monitor is not confirmed, compile and attach Stage139_DemoPositionOutcomeMonitor indicator to the XAUUSD chart.\",\n    \"If an open demo position exists, keep monitoring floating PnL until SL/TP/time-exit/closure.\",\n    \"Do not duplicate the Stage134 order for the same signal while this position/outcome is unresolved.\"\n  ]\n}\n",
      "stderr_tail": ""
    },
    {
      "name": "stage140_closed_deal_collector",
      "cmd": [
        "/Library/Developer/CommandLineTools/usr/bin/python3",
        "app/stage140_demo_closed_deal_outcome_collector.py",
        "--root",
        "/Users/vahid/Desktop/xauusd-trader",
        "--write-mt5-status-kv"
      ],
      "returncode": 0,
      "dry_run": false,
      "stdout_tail": "40001\",\n      \"reason_code\": \"3\",\n      \"comment\": \"Stage134Demo|D138C_trend_20_50_\"\n    },\n    {\n      \"generated_utc\": \"2026-07-01T21:31:25Z\",\n      \"ticket\": \"226648654\",\n      \"time\": \"2026-07-01T14:11:10Z\",\n      \"symbol\": \"XAUUSD\",\n      \"position_id\": \"249663149\",\n      \"entry_code\": \"1\",\n      \"type_code\": \"1\",\n      \"volume\": \"0.01\",\n      \"price\": \"4015.88\",\n      \"profit\": \"18.04\",\n      \"swap\": \"0.00\",\n      \"commission\": \"0.00\",\n      \"magic\": \"1340001\",\n      \"reason_code\": \"5\",\n      \"comment\": \"[tp 4015.84]\"\n    }\n  ],\n  \"latest_snapshot_csv\": \"/Users/vahid/Desktop/xauusd-trader/reports/stage140_demo_closed_deal_outcome_monitor/stage140_latest_closed_deal_outcome_snapshot.csv\",\n  \"history_csv\": \"/Users/vahid/Desktop/xauusd-trader/data/demo_execution/stage140_demo_closed_deal_outcome_snapshots.csv\",\n  \"risk_manifest_csv\": \"/Users/vahid/Desktop/xauusd-trader/reports/stage140_demo_closed_deal_outcome_monitor/stage140_risk_manifest.csv\",\n  \"status_kv_repo\": \"/Users/vahid/Desktop/xauusd-trader/data/demo_execution/stage140_closed_deal_outcome_collector_status_kv.csv\",\n  \"status_kv_report\": \"/Users/vahid/Desktop/xauusd-trader/reports/stage140_demo_closed_deal_outcome_monitor/stage140_closed_deal_outcome_collector_status_kv.csv\",\n  \"mt5_collector_status_kv\": \"/Users/vahid/Library/Application Support/net.metaquotes.wine.metatrader5/drive_c/Program Files/MetaTrader 5/MQL5/Files/xauusd_stage140_closed_deal_outcome_collector_status_kv.csv\",\n  \"summary_json\": \"/Users/vahid/Desktop/xauusd-trader/reports/stage140_demo_closed_deal_outcome_monitor/stage140_demo_closed_deal_outcome_monitor_summary.json\",\n  \"next\": [\n    \"If collector_decision is a closed profit/loss/flat outcome, archive the first demo-order outcome and continue demo loop with duplicate control.\",\n    \"If entry is found but no exit deal, keep Stage139 position monitor active and wait for closure.\",\n    \"If no symbol deal is found, widen the MT5 history window or verify the account/history tab.\"\n  ]\n}\n",
      "stderr_tail": ""
    },
    {
      "name": "stage141_ledger",
      "cmd": [
        "/Library/Developer/CommandLineTools/usr/bin/python3",
        "app/stage141_demo_execution_outcome_ledger.py",
        "--root",
        "/Users/vahid/Desktop/xauusd-trader"
      ],
      "returncode": 0,
      "dry_run": false,
      "stdout_tail": "{\n  \"stage\": \"Stage141_DEMO_EXECUTION_OUTCOME_LEDGER\",\n  \"generated_utc\": \"2026-07-01T21:31:41Z\",\n  \"status\": \"STAGE141_COMPLETE_DEMO_EXECUTION_OUTCOME_LEDGER_READY\",\n  \"decision\": \"STAGE141_DEMO_OUTCOME_PROFIT_CONFIRMED_CONTINUE_LOOP\",\n  \"root\": \"/Users/vahid/Desktop/xauusd-trader\",\n  \"stage134_summary\": \"/Users/vahid/Desktop/xauusd-trader/reports/stage134_demo_executor_pilot/stage134_demo_executor_pilot_summary.json\",\n  \"stage138_summary\": \"/Users/vahid/Desktop/xauusd-trader/reports/stage138_broker_technical_demo_discovery/stage138_broker_technical_demo_discovery_summary.json\",\n  \"stage140_summary\": \"/Users/vahid/Desktop/xauusd-trader/reports/stage140_demo_closed_deal_outcome_monitor/stage140_demo_closed_deal_outcome_monitor_summary.json\",\n  \"outcome_status\": \"PROFIT\",\n  \"exit_reason_inferred\": \"TP\",\n  \"net_profit\": \"18.04\",\n  \"points_move\": \"18.04\",\n  \"bps_move\": \"45.12\",\n  \"rule_id\": \"D138C_trend_20_50_bps_LEQ35__range_pos_24_LEQ35\",\n  \"signal_key\": \"2026-07-01T11:00:00Z|D138C_trend_20_50_bps_LEQ35__range_pos_24_LEQ35\",\n  \"entry_price\": \"3997.84\",\n  \"exit_price\": \"4015.88\",\n  \"entry_deal_ticket\": \"226639067\",\n  \"exit_deal_ticket\": \"226648654\",\n  \"ledger_csv\": \"/Users/vahid/Desktop/xauusd-trader/data/demo_execution/stage141_demo_execution_outcome_ledger.csv\",\n  \"latest_csv\": \"/Users/vahid/Desktop/xauusd-trader/reports/stage141_demo_execution_outcome_ledger/stage141_latest_demo_execution_outcome.csv\",\n  \"ledger_row_appended\": false,\n  \"ledger_row_count\": 1,\n  \"next_action\": \"CONTINUE_DEMO_LOOP_ALLOW_NEXT_DISTINCT_SIGNAL\",\n  \"next\": [\n    \"Keep Stage138 refresh running and keep Stage134 duplicate guard enabled.\",\n    \"Allow the next demo order only on a distinct new signal key, not the already closed signal.\",\n    \"After several outcomes, evaluate rule expectancy from the Stage141 ledger before live-real consideration.\"\n  ]\n}\n",
      "stderr_tail": ""
    }
  ],
  "loop_health": "WARN_COMMAND_FAILURES_REVIEW_LOG",
  "loop_decision": "STAGE142_LOOP_READY_FOR_NEXT_DISTINCT_SIGNAL_AFTER_PROFIT",
  "next_action": "KEEP_STAGE134_ARMED_WAIT_FOR_NEXT_DISTINCT_SIGNAL",
  "stage138_selected_rule_id": "D138C_trend_20_50_bps_LEQ35__range_pos_24_LEQ35",
  "stage138_bar_max_utc": "2026-07-01T11:00:00+00:00",
  "stage134_collector_decision": "STAGE134_DEMO_ORDER_ACCEPTED_COLLECT_PNL",
  "stage139_collector_decision": "STAGE139_NO_OPEN_POSITION_AFTER_ACCEPTED_ORDER_CHECK_HISTORY_OR_CLOSED",
  "stage140_collector_decision": "STAGE140_CLOSED_DEMO_DEAL_PROFIT",
  "stage141_decision": "STAGE141_DEMO_OUTCOME_PROFIT_CONFIRMED_CONTINUE_LOOP",
  "stage141_outcome_status": "PROFIT",
  "stage141_signal_key": "2026-07-01T11:00:00Z|D138C_trend_20_50_bps_LEQ35__range_pos_24_LEQ35",
  "stage141_net_profit": "18.04",
  "stage141_bps_move": "45.12",
  "stage141_ledger_row_count": 1,
  "latest_csv": "/Users/vahid/Desktop/xauusd-trader/reports/stage142_demo_loop_supervisor/stage142_latest_demo_loop_supervisor_snapshot.csv",
  "history_csv": "/Users/vahid/Desktop/xauusd-trader/data/demo_execution/stage142_demo_loop_supervisor_snapshots.csv",
  "risk_manifest_csv": "/Users/vahid/Desktop/xauusd-trader/reports/stage142_demo_loop_supervisor/stage142_risk_manifest.csv",
  "summary_json": "/Users/vahid/Desktop/xauusd-trader/reports/stage142_demo_loop_supervisor/stage142_demo_loop_supervisor_summary.json",
  "next": [
    "Keep Stage134 EA armed only on demo account.",
    "Run Stage142B fast loop every 10 minutes; run Stage138 refresh separately/manual or slower.",
    "Allow new orders only for distinct signal keys and ledger every closed outcome."
  ]
}
{
  "stage": "Stage142_DEMO_LOOP_SUPERVISOR",
  "generated_utc": "2026-07-01T21:50:30Z",
  "status": "STAGE142B_COMPLETE_FAST_DEMO_LOOP_SUPERVISOR_READY",
  "root": "/Users/vahid/Desktop/xauusd-trader",
  "dry_run": false,
  "with_stage138_refresh": true,
  "commands_run": 5,
  "command_failures": 0,
  "command_results": [
    {
      "name": "stage138_refresh",
      "cmd": [
        "/Library/Developer/CommandLineTools/usr/bin/python3",
        "app/stage138_broker_technical_demo_discovery.py",
        "--root",
        "/Users/vahid/Desktop/xauusd-trader",
        "--bars",
        "/Users/vahid/Library/Application Support/net.metaquotes.wine.metatrader5/drive_c/Program Files/MetaTrader 5/MQL5/Files/xauusd_stage143_live_h1_bars.csv",
        "--horizon-hours",
        "24",
        "--min-events",
        "25",
        "--min-mean-bps",
        "2.0",
        "--min-hit",
        "0.51",
        "--write-mt5"
      ],
      "returncode": 0,
      "dry_run": false,
      "stdout_tail": "p\\\": \\\">=\\\", \\\"threshold\\\": 5.17529887350987}, {\\\"current\\\": -35.55566587443937, \\\"feature\\\": \\\"trend_50_100_bps\\\", \\\"op\\\": \\\"<=\\\", \\\"threshold\\\": 2.126852832137205}]\",\n    \"selection_events\": 2822,\n    \"selection_mean_bps\": -3.2205,\n    \"selection_hit_rate\": 0.4755,\n    \"validation_events\": 874,\n    \"validation_mean_bps\": 33.7661,\n    \"validation_hit_rate\": 0.6384,\n    \"tail_events\": 842,\n    \"tail_mean_bps\": 7.4695,\n    \"tail_hit_rate\": 0.5523\n  },\n  \"score_csv\": \"/Users/vahid/Desktop/xauusd-trader/reports/stage138_broker_technical_demo_discovery/stage138_candidate_scores.csv\",\n  \"repo_kv\": \"/Users/vahid/Desktop/xauusd-trader/data/demo_execution/xauusd_stage138_technical_rule_state_kv.csv\",\n  \"repo_latest\": \"/Users/vahid/Desktop/xauusd-trader/data/demo_execution/xauusd_stage138_technical_rule_state_latest.csv\",\n  \"mt5_kv_written\": true,\n  \"mt5_kv\": \"/Users/vahid/Library/Application Support/net.metaquotes.wine.metatrader5/drive_c/Program Files/MetaTrader 5/MQL5/Files/xauusd_stage138_technical_rule_state_kv.csv\",\n  \"mt5_latest\": \"/Users/vahid/Library/Application Support/net.metaquotes.wine.metatrader5/drive_c/Program Files/MetaTrader 5/MQL5/Files/xauusd_stage138_technical_rule_state_latest.csv\",\n  \"stage134_instruction\": {\n    \"InpRuleStateKvFile\": \"xauusd_stage138_technical_rule_state_kv.csv\",\n    \"InpAllowedRules\": \"D138C_ret_48h_bps_GEQ50__trend_50_100_bps_LEQ50\",\n    \"keep_InpEnableDemoOrders\": \"true only on demo account\",\n    \"restore_after_probe\": \"xauusd_stage133_unified_observer_rule_state_kv.csv\"\n  },\n  \"summary_json\": \"/Users/vahid/Desktop/xauusd-trader/reports/stage138_broker_technical_demo_discovery/stage138_broker_technical_demo_discovery_summary.json\",\n  \"next\": [\n    \"If selected_rule_id is non-empty, point Stage134 InpRuleStateKvFile to xauusd_stage138_technical_rule_state_kv.csv and InpAllowedRules to selected_rule_id.\",\n    \"If selected_rule_id is empty, move to thesis-family generator or rerun with M15/M5 bars; do not build more telemetry.\"\n  ]\n}\n",
      "stderr_tail": ""
    },
    {
      "name": "stage134_collector",
      "cmd": [
        "/Library/Developer/CommandLineTools/usr/bin/python3",
        "app/stage134_demo_executor_pilot_collector.py",
        "--root",
        "/Users/vahid/Desktop/xauusd-trader",
        "--write-mt5-status-kv"
      ],
      "returncode": 0,
      "dry_run": false,
      "stdout_tail": "ange_pos_24_LEQ35\",\n      \"rule_id\": \"D138C_trend_20_50_bps_LEQ35__range_pos_24_LEQ35\",\n      \"feature_date\": \"2026-07-01T11:00:00Z\",\n      \"lot\": \"0.01\",\n      \"price\": \"3997.84\",\n      \"sl\": \"3985.84\",\n      \"tp\": \"4015.84\",\n      \"ok\": \"true\",\n      \"retcode\": \"10009\",\n      \"retcode_description\": \"done at 3997.84\",\n      \"account_mode\": \"DEMO\",\n      \"demo_required\": \"true\",\n      \"demo_orders_enabled\": \"true\",\n      \"note\": \"stage134_demo_only_execution_pilot\"\n    }\n  ],\n  \"latest_snapshot_csv\": \"/Users/vahid/Desktop/xauusd-trader/reports/stage134_demo_executor_pilot/stage134_latest_demo_executor_snapshot.csv\",\n  \"history_csv\": \"/Users/vahid/Desktop/xauusd-trader/data/demo_execution/stage134_demo_executor_snapshots.csv\",\n  \"risk_manifest_csv\": \"/Users/vahid/Desktop/xauusd-trader/reports/stage134_demo_executor_pilot/stage134_demo_risk_manifest.csv\",\n  \"status_kv_repo\": \"/Users/vahid/Desktop/xauusd-trader/data/demo_execution/stage134_demo_executor_collector_status_kv.csv\",\n  \"status_kv_report\": \"/Users/vahid/Desktop/xauusd-trader/reports/stage134_demo_executor_pilot/stage134_demo_executor_collector_status_kv.csv\",\n  \"mt5_collector_status_kv\": \"/Users/vahid/Library/Application Support/net.metaquotes.wine.metatrader5/drive_c/Program Files/MetaTrader 5/MQL5/Files/xauusd_stage134_demo_executor_collector_status_kv.csv\",\n  \"summary_json\": \"/Users/vahid/Desktop/xauusd-trader/reports/stage134_demo_executor_pilot/stage134_demo_executor_pilot_summary.json\",\n  \"report_md\": \"/Users/vahid/Desktop/xauusd-trader/reports/stage134_demo_executor_pilot/stage134_demo_executor_pilot_report.md\",\n  \"next\": [\n    \"If collector_decision is STAGE134_DEMO_ORDER_ACCEPTED_COLLECT_PNL, inspect MT5 demo position and subsequent PnL.\",\n    \"If status_fresh remains false but trade_log shows accepted orders, use trade_log fields as execution source of truth.\",\n    \"Do not send a duplicate order for the same signal unless the existing demo position is closed or state is intentionally reset.\"\n  ]\n}\n",
      "stderr_tail": ""
    },
    {
      "name": "stage139_position_collector",
      "cmd": [
        "/Library/Developer/CommandLineTools/usr/bin/python3",
        "app/stage139_demo_position_outcome_collector.py",
        "--root",
        "/Users/vahid/Desktop/xauusd-trader",
        "--write-mt5-status-kv"
      ],
      "returncode": 0,
      "dry_run": false,
      "stdout_tail": "0.00\",\n  \"position_current_price\": \"0.00\",\n  \"position_sl\": \"0.00\",\n  \"position_tp\": \"0.00\",\n  \"position_profit\": \"0.00\",\n  \"position_swap\": \"0.00\",\n  \"position_commission\": \"0.00\",\n  \"position_magic\": \"0\",\n  \"position_comment\": \"\",\n  \"stage134_trade_attempts\": 1,\n  \"stage134_trade_accepted\": 1,\n  \"latest_stage134_rule_id\": \"D138C_trend_20_50_bps_LEQ35__range_pos_24_LEQ35\",\n  \"latest_stage134_signal_key\": \"2026-07-01T11:00:00Z|D138C_trend_20_50_bps_LEQ35__range_pos_24_LEQ35\",\n  \"latest_stage134_entry_price\": \"3997.84\",\n  \"latest_stage134_lot\": \"0.01\",\n  \"latest_stage134_retcode\": \"10009\",\n  \"latest_snapshot_csv\": \"/Users/vahid/Desktop/xauusd-trader/reports/stage139_demo_position_outcome_monitor/stage139_latest_position_outcome_snapshot.csv\",\n  \"history_csv\": \"/Users/vahid/Desktop/xauusd-trader/data/demo_execution/stage139_demo_position_outcome_snapshots.csv\",\n  \"risk_manifest_csv\": \"/Users/vahid/Desktop/xauusd-trader/reports/stage139_demo_position_outcome_monitor/stage139_risk_manifest.csv\",\n  \"status_kv_repo\": \"/Users/vahid/Desktop/xauusd-trader/data/demo_execution/stage139_position_outcome_collector_status_kv.csv\",\n  \"status_kv_report\": \"/Users/vahid/Desktop/xauusd-trader/reports/stage139_demo_position_outcome_monitor/stage139_position_outcome_collector_status_kv.csv\",\n  \"mt5_collector_status_kv\": \"/Users/vahid/Library/Application Support/net.metaquotes.wine.metatrader5/drive_c/Program Files/MetaTrader 5/MQL5/Files/xauusd_stage139_position_outcome_collector_status_kv.csv\",\n  \"summary_json\": \"/Users/vahid/Desktop/xauusd-trader/reports/stage139_demo_position_outcome_monitor/stage139_demo_position_outcome_monitor_summary.json\",\n  \"next\": [\n    \"If monitor is not confirmed, compile and attach Stage139_DemoPositionOutcomeMonitor indicator to the XAUUSD chart.\",\n    \"If an open demo position exists, keep monitoring floating PnL until SL/TP/time-exit/closure.\",\n    \"Do not duplicate the Stage134 order for the same signal while this position/outcome is unresolved.\"\n  ]\n}\n",
      "stderr_tail": ""
    },
    {
      "name": "stage140_closed_deal_collector",
      "cmd": [
        "/Library/Developer/CommandLineTools/usr/bin/python3",
        "app/stage140_demo_closed_deal_outcome_collector.py",
        "--root",
        "/Users/vahid/Desktop/xauusd-trader",
        "--write-mt5-status-kv"
      ],
      "returncode": 0,
      "dry_run": false,
      "stdout_tail": "40001\",\n      \"reason_code\": \"3\",\n      \"comment\": \"Stage134Demo|D138C_trend_20_50_\"\n    },\n    {\n      \"generated_utc\": \"2026-07-01T21:56:25Z\",\n      \"ticket\": \"226648654\",\n      \"time\": \"2026-07-01T14:11:10Z\",\n      \"symbol\": \"XAUUSD\",\n      \"position_id\": \"249663149\",\n      \"entry_code\": \"1\",\n      \"type_code\": \"1\",\n      \"volume\": \"0.01\",\n      \"price\": \"4015.88\",\n      \"profit\": \"18.04\",\n      \"swap\": \"0.00\",\n      \"commission\": \"0.00\",\n      \"magic\": \"1340001\",\n      \"reason_code\": \"5\",\n      \"comment\": \"[tp 4015.84]\"\n    }\n  ],\n  \"latest_snapshot_csv\": \"/Users/vahid/Desktop/xauusd-trader/reports/stage140_demo_closed_deal_outcome_monitor/stage140_latest_closed_deal_outcome_snapshot.csv\",\n  \"history_csv\": \"/Users/vahid/Desktop/xauusd-trader/data/demo_execution/stage140_demo_closed_deal_outcome_snapshots.csv\",\n  \"risk_manifest_csv\": \"/Users/vahid/Desktop/xauusd-trader/reports/stage140_demo_closed_deal_outcome_monitor/stage140_risk_manifest.csv\",\n  \"status_kv_repo\": \"/Users/vahid/Desktop/xauusd-trader/data/demo_execution/stage140_closed_deal_outcome_collector_status_kv.csv\",\n  \"status_kv_report\": \"/Users/vahid/Desktop/xauusd-trader/reports/stage140_demo_closed_deal_outcome_monitor/stage140_closed_deal_outcome_collector_status_kv.csv\",\n  \"mt5_collector_status_kv\": \"/Users/vahid/Library/Application Support/net.metaquotes.wine.metatrader5/drive_c/Program Files/MetaTrader 5/MQL5/Files/xauusd_stage140_closed_deal_outcome_collector_status_kv.csv\",\n  \"summary_json\": \"/Users/vahid/Desktop/xauusd-trader/reports/stage140_demo_closed_deal_outcome_monitor/stage140_demo_closed_deal_outcome_monitor_summary.json\",\n  \"next\": [\n    \"If collector_decision is a closed profit/loss/flat outcome, archive the first demo-order outcome and continue demo loop with duplicate control.\",\n    \"If entry is found but no exit deal, keep Stage139 position monitor active and wait for closure.\",\n    \"If no symbol deal is found, widen the MT5 history window or verify the account/history tab.\"\n  ]\n}\n",
      "stderr_tail": ""
    },
    {
      "name": "stage141_ledger",
      "cmd": [
        "/Library/Developer/CommandLineTools/usr/bin/python3",
        "app/stage141_demo_execution_outcome_ledger.py",
        "--root",
        "/Users/vahid/Desktop/xauusd-trader"
      ],
      "returncode": 0,
      "dry_run": false,
      "stdout_tail": "{\n  \"stage\": \"Stage141_DEMO_EXECUTION_OUTCOME_LEDGER\",\n  \"generated_utc\": \"2026-07-01T21:56:52Z\",\n  \"status\": \"STAGE141_COMPLETE_DEMO_EXECUTION_OUTCOME_LEDGER_READY\",\n  \"decision\": \"STAGE141_DEMO_OUTCOME_PROFIT_CONFIRMED_CONTINUE_LOOP\",\n  \"root\": \"/Users/vahid/Desktop/xauusd-trader\",\n  \"stage134_summary\": \"/Users/vahid/Desktop/xauusd-trader/reports/stage134_demo_executor_pilot/stage134_demo_executor_pilot_summary.json\",\n  \"stage138_summary\": \"/Users/vahid/Desktop/xauusd-trader/reports/stage138_broker_technical_demo_discovery/stage138_broker_technical_demo_discovery_summary.json\",\n  \"stage140_summary\": \"/Users/vahid/Desktop/xauusd-trader/reports/stage140_demo_closed_deal_outcome_monitor/stage140_demo_closed_deal_outcome_monitor_summary.json\",\n  \"outcome_status\": \"PROFIT\",\n  \"exit_reason_inferred\": \"TP\",\n  \"net_profit\": \"18.04\",\n  \"points_move\": \"18.04\",\n  \"bps_move\": \"45.12\",\n  \"rule_id\": \"D138C_trend_20_50_bps_LEQ35__range_pos_24_LEQ35\",\n  \"signal_key\": \"2026-07-01T11:00:00Z|D138C_trend_20_50_bps_LEQ35__range_pos_24_LEQ35\",\n  \"entry_price\": \"3997.84\",\n  \"exit_price\": \"4015.88\",\n  \"entry_deal_ticket\": \"226639067\",\n  \"exit_deal_ticket\": \"226648654\",\n  \"ledger_csv\": \"/Users/vahid/Desktop/xauusd-trader/data/demo_execution/stage141_demo_execution_outcome_ledger.csv\",\n  \"latest_csv\": \"/Users/vahid/Desktop/xauusd-trader/reports/stage141_demo_execution_outcome_ledger/stage141_latest_demo_execution_outcome.csv\",\n  \"ledger_row_appended\": false,\n  \"ledger_row_count\": 1,\n  \"next_action\": \"CONTINUE_DEMO_LOOP_ALLOW_NEXT_DISTINCT_SIGNAL\",\n  \"next\": [\n    \"Keep Stage138 refresh running and keep Stage134 duplicate guard enabled.\",\n    \"Allow the next demo order only on a distinct new signal key, not the already closed signal.\",\n    \"After several outcomes, evaluate rule expectancy from the Stage141 ledger before live-real consideration.\"\n  ]\n}\n",
      "stderr_tail": ""
    }
  ],
  "loop_health": "OK",
  "loop_decision": "STAGE142_LOOP_READY_FOR_NEXT_DISTINCT_SIGNAL_AFTER_PROFIT",
  "next_action": "KEEP_STAGE134_ARMED_WAIT_FOR_NEXT_DISTINCT_SIGNAL",
  "stage138_selected_rule_id": "D138C_ret_48h_bps_GEQ50__trend_50_100_bps_LEQ50",
  "stage138_bar_max_utc": "2026-07-01T23:00:00+00:00",
  "stage134_collector_decision": "STAGE134_DEMO_ORDER_ACCEPTED_COLLECT_PNL",
  "stage139_collector_decision": "STAGE139_NO_OPEN_POSITION_AFTER_ACCEPTED_ORDER_CHECK_HISTORY_OR_CLOSED",
  "stage140_collector_decision": "STAGE140_CLOSED_DEMO_DEAL_PROFIT",
  "stage141_decision": "STAGE141_DEMO_OUTCOME_PROFIT_CONFIRMED_CONTINUE_LOOP",
  "stage141_outcome_status": "PROFIT",
  "stage141_signal_key": "2026-07-01T11:00:00Z|D138C_trend_20_50_bps_LEQ35__range_pos_24_LEQ35",
  "stage141_net_profit": "18.04",
  "stage141_bps_move": "45.12",
  "stage141_ledger_row_count": 1,
  "latest_csv": "/Users/vahid/Desktop/xauusd-trader/reports/stage142_demo_loop_supervisor/stage142_latest_demo_loop_supervisor_snapshot.csv",
  "history_csv": "/Users/vahid/Desktop/xauusd-trader/data/demo_execution/stage142_demo_loop_supervisor_snapshots.csv",
  "risk_manifest_csv": "/Users/vahid/Desktop/xauusd-trader/reports/stage142_demo_loop_supervisor/stage142_risk_manifest.csv",
  "summary_json": "/Users/vahid/Desktop/xauusd-trader/reports/stage142_demo_loop_supervisor/stage142_demo_loop_supervisor_summary.json",
  "next": [
    "Keep Stage134 EA armed only on demo account.",
    "Run Stage142B fast loop every 10 minutes; run Stage138 refresh separately/manual or slower.",
    "Allow new orders only for distinct signal keys and ledger every closed outcome."
  ]
}
{
  "stage": "Stage138_BROKER_TECHNICAL_DEMO_DISCOVERY",
  "generated_utc": "2026-07-01T22:00:48Z",
  "status": "STAGE138B_COMPLETE_MT5_EXPORT_PARSER_HOTFIX_READY",
  "decision": "STAGE138_DEMO_TECHNICAL_RULE_READY_POINT_STAGE134_TO_STAGE138_FILE",
  "root": "/Users/vahid/Desktop/xauusd-trader",
  "bars_path": "/Users/vahid/Library/Application Support/net.metaquotes.wine.metatrader5/drive_c/Program Files/MetaTrader 5/MQL5/Files/xauusd_stage143_live_h1_bars.csv",
  "raw_row_count": 30000,
  "bar_count": 30000,
  "bar_min_utc": "2021-05-31T09:00:00+00:00",
  "bar_max_utc": "2026-07-01T23:00:00+00:00",
  "horizon_hours": 24,
  "candidate_rows": 1872,
  "pass_count": 1470,
  "current_active_pass_count": 463,
  "selected_rule_id": "D138C_ret_48h_bps_GEQ50__trend_50_100_bps_LEQ50",
  "selected_label": "ret_48h_bps >= q50 AND trend_50_100_bps <= q50",
  "selected_score": {
    "rule_id": "D138C_ret_48h_bps_GEQ50__trend_50_100_bps_LEQ50",
    "label": "ret_48h_bps >= q50 AND trend_50_100_bps <= q50",
    "gate": "PASS",
    "current_active": true,
    "conditions_json": "[{\"current\": 44.07931785449071, \"feature\": \"ret_48h_bps\", \"op\": \">=\", \"threshold\": 5.17529887350987}, {\"current\": -35.55566587443937, \"feature\": \"trend_50_100_bps\", \"op\": \"<=\", \"threshold\": 2.126852832137205}]",
    "selection_events": 2822,
    "selection_mean_bps": -3.2205,
    "selection_hit_rate": 0.4755,
    "validation_events": 874,
    "validation_mean_bps": 33.7661,
    "validation_hit_rate": 0.6384,
    "tail_events": 842,
    "tail_mean_bps": 7.4695,
    "tail_hit_rate": 0.5523
  },
  "score_csv": "/Users/vahid/Desktop/xauusd-trader/reports/stage138_broker_technical_demo_discovery/stage138_candidate_scores.csv",
  "repo_kv": "/Users/vahid/Desktop/xauusd-trader/data/demo_execution/xauusd_stage138_technical_rule_state_kv.csv",
  "repo_latest": "/Users/vahid/Desktop/xauusd-trader/data/demo_execution/xauusd_stage138_technical_rule_state_latest.csv",
  "mt5_kv_written": true,
  "mt5_kv": "/Users/vahid/Library/Application Support/net.metaquotes.wine.metatrader5/drive_c/Program Files/MetaTrader 5/MQL5/Files/xauusd_stage138_technical_rule_state_kv.csv",
  "mt5_latest": "/Users/vahid/Library/Application Support/net.metaquotes.wine.metatrader5/drive_c/Program Files/MetaTrader 5/MQL5/Files/xauusd_stage138_technical_rule_state_latest.csv",
  "stage134_instruction": {
    "InpRuleStateKvFile": "xauusd_stage138_technical_rule_state_kv.csv",
    "InpAllowedRules": "D138C_ret_48h_bps_GEQ50__trend_50_100_bps_LEQ50",
    "keep_InpEnableDemoOrders": "true only on demo account",
    "restore_after_probe": "xauusd_stage133_unified_observer_rule_state_kv.csv"
  },
  "summary_json": "/Users/vahid/Desktop/xauusd-trader/reports/stage138_broker_technical_demo_discovery/stage138_broker_technical_demo_discovery_summary.json",
  "next": [
    "If selected_rule_id is non-empty, point Stage134 InpRuleStateKvFile to xauusd_stage138_technical_rule_state_kv.csv and InpAllowedRules to selected_rule_id.",
    "If selected_rule_id is empty, move to thesis-family generator or rerun with M15/M5 bars; do not build more telemetry."
  ]
}
{
  "stage": "Stage138_BROKER_TECHNICAL_DEMO_DISCOVERY",
  "generated_utc": "2026-07-02T05:25:13Z",
  "status": "STAGE138B_COMPLETE_MT5_EXPORT_PARSER_HOTFIX_READY",
  "decision": "STAGE138_DEMO_TECHNICAL_RULE_READY_POINT_STAGE134_TO_STAGE138_FILE",
  "root": "/Users/vahid/Desktop/xauusd-trader",
  "bars_path": "/Users/vahid/Library/Application Support/net.metaquotes.wine.metatrader5/drive_c/Program Files/MetaTrader 5/MQL5/Files/xauusd_stage143_live_h1_bars.csv",
  "raw_row_count": 30000,
  "bar_count": 30000,
  "bar_min_utc": "2021-05-31T17:00:00+00:00",
  "bar_max_utc": "2026-07-02T08:00:00+00:00",
  "horizon_hours": 24,
  "candidate_rows": 1872,
  "pass_count": 1490,
  "current_active_pass_count": 484,
  "selected_rule_id": "D138C_ret_48h_bps_GEQ65__trend_50_100_bps_LEQ50",
  "selected_label": "ret_48h_bps >= q65 AND trend_50_100_bps <= q50",
  "selected_score": {
    "rule_id": "D138C_ret_48h_bps_GEQ65__trend_50_100_bps_LEQ50",
    "label": "ret_48h_bps >= q65 AND trend_50_100_bps <= q50",
    "gate": "PASS",
    "current_active": true,
    "conditions_json": "[{\"current\": 231.98986288187396, \"feature\": \"ret_48h_bps\", \"op\": \">=\", \"threshold\": 49.48876438297711}, {\"current\": -22.297102974244698, \"feature\": \"trend_50_100_bps\", \"op\": \"<=\", \"threshold\": 2.153448350599163}]",
    "selection_events": 1504,
    "selection_mean_bps": -0.6091,
    "selection_hit_rate": 0.4834,
    "validation_events": 540,
    "validation_mean_bps": 46.8552,
    "validation_hit_rate": 0.6722,
    "tail_events": 597,
    "tail_mean_bps": 7.0911,
    "tail_hit_rate": 0.5796
  },
  "score_csv": "/Users/vahid/Desktop/xauusd-trader/reports/stage138_broker_technical_demo_discovery/stage138_candidate_scores.csv",
  "repo_kv": "/Users/vahid/Desktop/xauusd-trader/data/demo_execution/xauusd_stage138_technical_rule_state_kv.csv",
  "repo_latest": "/Users/vahid/Desktop/xauusd-trader/data/demo_execution/xauusd_stage138_technical_rule_state_latest.csv",
  "mt5_kv_written": true,
  "mt5_kv": "/Users/vahid/Library/Application Support/net.metaquotes.wine.metatrader5/drive_c/Program Files/MetaTrader 5/MQL5/Files/xauusd_stage138_technical_rule_state_kv.csv",
  "mt5_latest": "/Users/vahid/Library/Application Support/net.metaquotes.wine.metatrader5/drive_c/Program Files/MetaTrader 5/MQL5/Files/xauusd_stage138_technical_rule_state_latest.csv",
  "stage134_instruction": {
    "InpRuleStateKvFile": "xauusd_stage138_technical_rule_state_kv.csv",
    "InpAllowedRules": "D138C_ret_48h_bps_GEQ65__trend_50_100_bps_LEQ50",
    "keep_InpEnableDemoOrders": "true only on demo account",
    "restore_after_probe": "xauusd_stage133_unified_observer_rule_state_kv.csv"
  },
  "summary_json": "/Users/vahid/Desktop/xauusd-trader/reports/stage138_broker_technical_demo_discovery/stage138_broker_technical_demo_discovery_summary.json",
  "next": [
    "If selected_rule_id is non-empty, point Stage134 InpRuleStateKvFile to xauusd_stage138_technical_rule_state_kv.csv and InpAllowedRules to selected_rule_id.",
    "If selected_rule_id is empty, move to thesis-family generator or rerun with M15/M5 bars; do not build more telemetry."
  ]
}
